Component: ARM Compiler 6.14 Tool: armlink [5db06800]

==============================================================================

Section Cross References

    main.o(.text.main) refers to misc.o(.text.NVIC_PriorityGroupConfig) for NVIC_PriorityGroupConfig
    main.o(.text.main) refers to board.o(.text._Z11sysTickInitv) for sysTickInit()
    main.o(.text.main) refers to main.o(.bss.StartTask_Handler) for StartTask_Handler
    main.o(.text.main) refers to start_task.o(.text._Z10Start_TaskPv) for Start_Task(void*)
    main.o(.text.main) refers to main.o(.rodata.str1.1) for .L.str
    main.o(.text.main) refers to tasks.o(.text.xTaskCreate) for xTaskCreate
    main.o(.text.main) refers to tasks.o(.text.vTaskStartScheduler) for vTaskStartScheduler
    main.o(.ARM.exidx.text.main) refers to main.o(.text.main) for [Anonymous Symbol]
    board.o(.text._Z11sysTickInitv) refers to stm32f4xx_rcc.o(.text.RCC_GetClocksFreq) for RCC_GetClocksFreq
    board.o(.text._Z11sysTickInitv) refers to board.o(.text._ZL14SysTick_Configj) for _ZL14SysTick_Configj
    board.o(.text._Z11sysTickInitv) refers to misc.o(.text.SysTick_CLKSourceConfig) for SysTick_CLKSourceConfig
    board.o(.ARM.exidx.text._Z11sysTickInitv) refers to board.o(.text._Z11sysTickInitv) for [Anonymous Symbol]
    board.o(.text._ZL14SysTick_Configj) refers to board.o(.text._ZL18__NVIC_SetPriority4IRQnj) for _ZL18__NVIC_SetPriority4IRQnj
    board.o(.ARM.exidx.text._ZL14SysTick_Configj) refers to board.o(.text._ZL14SysTick_Configj) for [Anonymous Symbol]
    board.o(.text._Z12getSysTimeUsv) refers to board.o(.bss.sysTickUptime) for sysTickUptime
    board.o(.ARM.exidx.text._Z12getSysTimeUsv) refers to board.o(.text._Z12getSysTimeUsv) for [Anonymous Symbol]
    board.o(.text._Z7delayUsj) refers to board.o(.text._Z12getSysTimeUsv) for getSysTimeUs()
    board.o(.text._Z7delayUsj) refers to iwdg.o(.text._Z8iwdgFeedv) for iwdgFeed()
    board.o(.ARM.exidx.text._Z7delayUsj) refers to board.o(.text._Z7delayUsj) for [Anonymous Symbol]
    board.o(.text._Z7delayMsj) refers to board.o(.text._Z7delayUsj) for delayUs(unsigned)
    board.o(.ARM.exidx.text._Z7delayMsj) refers to board.o(.text._Z7delayMsj) for [Anonymous Symbol]
    board.o(.text.delayUsTask) refers to tasks.o(.text.xTaskGetSchedulerState) for xTaskGetSchedulerState
    board.o(.text.delayUsTask) refers to tasks.o(.text.vTaskDelay) for vTaskDelay
    board.o(.text.delayUsTask) refers to board.o(.text._Z7delayUsj) for delayUs(unsigned)
    board.o(.ARM.exidx.text.delayUsTask) refers to board.o(.text.delayUsTask) for [Anonymous Symbol]
    board.o(.text._Z12boardALLInitv) refers to can.o(.text._Z7canInitP11CAN_TypeDef) for canInit(CAN_TypeDef*)
    board.o(.text._Z12boardALLInitv) refers to iwdg.o(.text._Z8iwdgInitht) for iwdgInit(unsigned char, unsigned short)
    board.o(.text._Z12boardALLInitv) refers to vision.o(.text._Z11Vision_Initv) for Vision_Init()
    board.o(.text._Z12boardALLInitv) refers to board.o(.bss.Init_OK) for Init_OK
    board.o(.ARM.exidx.text._Z12boardALLInitv) refers to board.o(.text._Z12boardALLInitv) for [Anonymous Symbol]
    board.o(.ARM.exidx.text._ZL18__NVIC_SetPriority4IRQnj) refers to board.o(.text._ZL18__NVIC_SetPriority4IRQnj) for [Anonymous Symbol]
    cycle.o(.text._ZN5Cycle9getCycleTEv) refers to board.o(.text._Z12getSysTimeUsv) for getSysTimeUs()
    cycle.o(.ARM.exidx.text._ZN5Cycle9getCycleTEv) refers to cycle.o(.text._ZN5Cycle9getCycleTEv) for [Anonymous Symbol]
    stm32f4xx_it.o(.ARM.exidx.text.NMI_Handler) refers to stm32f4xx_it.o(.text.NMI_Handler) for [Anonymous Symbol]
    stm32f4xx_it.o(.ARM.exidx.text.HardFault_Handler) refers to stm32f4xx_it.o(.text.HardFault_Handler) for [Anonymous Symbol]
    stm32f4xx_it.o(.ARM.exidx.text.MemManage_Handler) refers to stm32f4xx_it.o(.text.MemManage_Handler) for [Anonymous Symbol]
    stm32f4xx_it.o(.ARM.exidx.text.BusFault_Handler) refers to stm32f4xx_it.o(.text.BusFault_Handler) for [Anonymous Symbol]
    stm32f4xx_it.o(.ARM.exidx.text.UsageFault_Handler) refers to stm32f4xx_it.o(.text.UsageFault_Handler) for [Anonymous Symbol]
    stm32f4xx_it.o(.ARM.exidx.text.DebugMon_Handler) refers to stm32f4xx_it.o(.text.DebugMon_Handler) for [Anonymous Symbol]
    stm32f4xx_it.o(.text.SysTick_Handler) refers to tasks.o(.text.xTaskGetSchedulerState) for xTaskGetSchedulerState
    stm32f4xx_it.o(.text.SysTick_Handler) refers to port.o(.text.xPortSysTickHandler) for xPortSysTickHandler
    stm32f4xx_it.o(.text.SysTick_Handler) refers to board.o(.bss.sysTickUptime) for sysTickUptime
    stm32f4xx_it.o(.text.SysTick_Handler) refers to stm32f4xx_it.o(.bss.SysTick_Handler.upTimeCnt) for SysTick_Handler.upTimeCnt
    stm32f4xx_it.o(.text.SysTick_Handler) refers to board.o(.bss.sysTickUptimeUs) for sysTickUptimeUs
    stm32f4xx_it.o(.ARM.exidx.text.SysTick_Handler) refers to stm32f4xx_it.o(.text.SysTick_Handler) for [Anonymous Symbol]
[...]
    __cxxabiv1::__vmi_class_type_info::search_below_dst(__cxxabiv1::__dynamic_cast_info*, const void*, int, bool) const 0x080086d1   Thumb Code   618  private_typeinfo.cpp.o(.text._ZNK10__cxxabiv121__vmi_class_type_info16search_below_dstEPNS_19__dynamic_cast_infoEPKvib)
    __cxxabiv1::__vmi_class_type_info::has_unambiguous_public_base(__cxxabiv1::__dynamic_cast_info*, void*, int) const 0x0800893d   Thumb Code   132  private_typeinfo.cpp.o(.text._ZNK10__cxxabiv121__vmi_class_type_info27has_unambiguous_public_baseEPNS_19__dynamic_cast_infoEPvi)
    __cxxabiv1::__base_class_type_info::has_unambiguous_public_base(__cxxabiv1::__dynamic_cast_info*, void*, int) const 0x080089c1   Thumb Code    54  private_typeinfo.cpp.o(.text._ZNK10__cxxabiv122__base_class_type_info27has_unambiguous_public_baseEPNS_19__dynamic_cast_infoEPvi)
    std::type_info::~type_info()             0x080089f7   Thumb Code     2  stdlib_typeinfo.cpp.o(.text._ZNSt9type_infoD2Ev)
    std::type_info::~type_info__sub_object() 0x080089f7   Thumb Code     2  stdlib_typeinfo.cpp.o(.text._ZNSt9type_infoD2Ev)
    std::get_new_handler()                   0x080089f9   Thumb Code    12  cxa_handlers.cpp.o(.text._ZSt15get_new_handlerv)
    thunk{-28} to Mpu6050::gyroAccUpdate()   0x08008a05   Thumb Code    14  mpu6050.o(.text._ZThn28_N7Mpu605013gyroAccUpdateEv)
    operator delete (void*)                  0x08008a13   Thumb Code     4  new.cpp.o(.text._ZdlPv)
    operator new[] (unsigned)                0x08008a17   Thumb Code     4  new.cpp.o(.text._Znaj)
    operator new(unsigned)                   0x08008a1d   Thumb Code    38  new.cpp.o(.text._Znwj)
    __cxa_pure_virtual                       0x08008a45   Thumb Code    40  cxa_virtual.cpp.o(.text.__cxa_pure_virtual)
    __dynamic_cast                           0x08008be7   Thumb Code   168  private_typeinfo.cpp.o(.text.__dynamic_cast)
    abort_message                            0x08008c8f   Thumb Code     4  abort_message.cpp.o(.text.abort_message)
    main                                     0x08008c95   Thumb Code    70  main.o(.text.main)
    pvPortMalloc                             0x08009c81   Thumb Code   468  heap_4.o(.text.pvPortMalloc)
    pvTaskIncrementMutexHeldCount            0x08009e55   Thumb Code    46  tasks.o(.text.pvTaskIncrementMutexHeldCount)
    pxPortInitialiseStack                    0x08009e85   Thumb Code    94  port.o(.text.pxPortInitialiseStack)
    uxListRemove                             0x08009ee5   Thumb Code    72  list.o(.text.uxListRemove)
    vListInitialise                          0x08009f2d   Thumb Code    46  list.o(.text.vListInitialise)
    vListInitialiseItem                      0x08009f5d   Thumb Code    14  list.o(.text.vListInitialiseItem)
    vListInsert                              0x08009f6d   Thumb Code   108  list.o(.text.vListInsert)
    vListInsertEnd                           0x08009fd9   Thumb Code    58  list.o(.text.vListInsertEnd)
    vPortEnterCritical                       0x0800a029   Thumb Code    80  port.o(.text.vPortEnterCritical)
    vPortExitCritical                        0x0800a079   Thumb Code    70  port.o(.text.vPortExitCritical)
    vPortFree                                0x0800a0c1   Thumb Code   182  heap_4.o(.text.vPortFree)
    vPortSetupTimerInterrupt                 0x0800a179   Thumb Code    54  port.o(.text.vPortSetupTimerInterrupt)
    vPortValidateInterruptPriority           0x0800a1b1   Thumb Code   116  port.o(.text.vPortValidateInterruptPriority)
    vQueueAddToRegistry                      0x0800a225   Thumb Code    84  queue.o(.text.vQueueAddToRegistry)
    vQueueWaitForMessageRestricted           0x0800a279   Thumb Code   106  queue.o(.text.vQueueWaitForMessageRestricted)
    vTaskDelay                               0x0800a2e5   Thumb Code   108  tasks.o(.text.vTaskDelay)
    vTaskDelete                              0x0800a351   Thumb Code   348  tasks.o(.text.vTaskDelete)
    vTaskMissedYield                         0x0800a4ad   Thumb Code    14  tasks.o(.text.vTaskMissedYield)
    vTaskPlaceOnEventList                    0x0800a4bd   Thumb Code    60  tasks.o(.text.vTaskPlaceOnEventList)
    vTaskPlaceOnEventListRestricted          0x0800a4f9   Thumb Code    78  tasks.o(.text.vTaskPlaceOnEventListRestricted)
    vTaskPriorityInherit                     0x0800a549   Thumb Code   282  tasks.o(.text.vTaskPriorityInherit)
    vTaskSetTimeOutState                     0x0800a665   Thumb Code    58  tasks.o(.text.vTaskSetTimeOutState)
    vTaskStartScheduler                      0x0800a6a1   Thumb Code   186  tasks.o(.text.vTaskStartScheduler)
    vTaskSuspendAll                          0x0800a75d   Thumb Code    16  tasks.o(.text.vTaskSuspendAll)
    vTaskSwitchContext                       0x0800a76d   Thumb Code   288  tasks.o(.text.vTaskSwitchContext)
    xPortGetFreeHeapSize                     0x0800a88d   Thumb Code    12  heap_4.o(.text.xPortGetFreeHeapSize)
    xPortStartScheduler                      0x0800a899   Thumb Code   284  port.o(.text.xPortStartScheduler)
    xPortSysTickHandler                      0x0800a9b5   Thumb Code    62  port.o(.text.xPortSysTickHandler)
    xQueueGenericCreate                      0x0800a9f5   Thumb Code   116  queue.o(.text.xQueueGenericCreate)
    xQueueGenericReceive                     0x0800aa69   Thumb Code   618  queue.o(.text.xQueueGenericReceive)
    xQueueGenericReset                       0x0800acd5   Thumb Code   186  queue.o(.text.xQueueGenericReset)
    xQueueGenericSend                        0x0800ad91   Thumb Code   608  queue.o(.text.xQueueGenericSend)
    xQueueGenericSendFromISR                 0x0800aff1   Thumb Code   368  queue.o(.text.xQueueGenericSendFromISR)
    xTaskCheckForTimeOut                     0x0800b161   Thumb Code   190  tasks.o(.text.xTaskCheckForTimeOut)
    xTaskCreate                              0x0800b221   Thumb Code   168  tasks.o(.text.xTaskCreate)
    xTaskGenericNotifyFromISR                0x0800b2c9   Thumb Code   408  tasks.o(.text.xTaskGenericNotifyFromISR)
    xTaskGetSchedulerState                   0x0800b461   Thumb Code    60  tasks.o(.text.xTaskGetSchedulerState)
    xTaskGetTickCount                        0x0800b49d   Thumb Code    20  tasks.o(.text.xTaskGetTickCount)
    xTaskIncrementTick                       0x0800b4b1   Thumb Code   448  tasks.o(.text.xTaskIncrementTick)
    xTaskPriorityDisinherit                  0x0800b671   Thumb Code   278  tasks.o(.text.xTaskPriorityDisinherit)
    xTaskRemoveFromEventList                 0x0800b789   Thumb Code   194  tasks.o(.text.xTaskRemoveFromEventList)
    xTaskResumeAll                           0x0800b84d   Thumb Code   388  tasks.o(.text.xTaskResumeAll)
    xTimerCreate                             0x0800b9d1   Thumb Code    74  timers.o(.text.xTimerCreate)
    xTimerCreateTimerTask                    0x0800ba1d   Thumb Code   102  timers.o(.text.xTimerCreateTimerTask)
    xTimerGenericCommand                     0x0800ba85   Thumb Code   174  timers.o(.text.xTimerGenericCommand)
    __aligned_malloc                         0x0800bb35   Thumb Code    72  mallocra.o(i.__aligned_malloc$realloc)
    free                                     0x0800bb8d   Thumb Code    88  mallocra.o(i.__free$realloc$memalign)
    malloc                                   0x0800bbe9   Thumb Code     6  mallocra.o(i.__malloc$realloc$memalign)
    __scatterload_copy                       0x0800bbef   Thumb Code    14  handlers.o(i.__scatterload_copy)
    __scatterload_null                       0x0800bbfd   Thumb Code     2  handlers.o(i.__scatterload_null)
    __scatterload_zeroinit                   0x0800bbff   Thumb Code    14  handlers.o(i.__scatterload_zeroinit)
    CRC8_TAB                                 0x0800bc9c   Data         256  crc.o(.rodata.CRC8_TAB)
    typeinfo for IIC                         0x0800bdac   Data           8  iic.o(.rodata._ZTI3IIC)
    typeinfo for ImuCalc                     0x0800bdb4   Data           8  imu.o(.rodata._ZTI7ImuCalc)
    typeinfo for Mpu6050                     0x0800bdbc   Data          32  mpu6050.o(.rodata._ZTI7Mpu6050)
    typeinfo for Softiic                     0x0800bddc   Data          12  iic.o(.rodata._ZTI7Softiic)
    typeinfo for __cxxabiv1::__shim_type_info 0x0800bde8   Data          12  private_typeinfo.cpp.o(.rodata._ZTIN10__cxxabiv116__shim_type_infoE)
    typeinfo for __cxxabiv1::__class_type_info 0x0800bdf4   Data          12  private_typeinfo.cpp.o(.rodata._ZTIN10__cxxabiv117__class_type_infoE)
    typeinfo for __cxxabiv1::__si_class_type_info 0x0800be00   Data          12  private_typeinfo.cpp.o(.rodata._ZTIN10__cxxabiv120__si_class_type_infoE)
    typeinfo for __cxxabiv1::__vmi_class_type_info 0x0800be0c   Data          12  private_typeinfo.cpp.o(.rodata._ZTIN10__cxxabiv121__vmi_class_type_infoE)
    typeinfo for std::type_info              0x0800be18   Data           8  stdlib_typeinfo.cpp.o(.rodata._ZTISt9type_info)
    typeinfo name for IIC                    0x0800be20   Data           5  iic.o(.rodata._ZTS3IIC)
    typeinfo name for ImuCalc                0x0800be25   Data           9  imu.o(.rodata._ZTS7ImuCalc)
    typeinfo name for Mpu6050                0x0800be2e   Data           9  mpu6050.o(.rodata._ZTS7Mpu6050)
    typeinfo name for Softiic                0x0800be37   Data           9  iic.o(.rodata._ZTS7Softiic)
    typeinfo name for __cxxabiv1::__shim_type_info 0x0800be40   Data          33  private_typeinfo.cpp.o(.rodata._ZTSN10__cxxabiv116__shim_type_infoE)
    typeinfo name for __cxxabiv1::__class_type_info 0x0800be61   Data          34  private_typeinfo.cpp.o(.rodata._ZTSN10__cxxabiv117__class_type_infoE)
    typeinfo name for __cxxabiv1::__si_class_type_info 0x0800be83   Data          37  private_typeinfo.cpp.o(.rodata._ZTSN10__cxxabiv120__si_class_type_infoE)
    typeinfo name for __cxxabiv1::__vmi_class_type_info 0x0800bea8   Data          38  private_typeinfo.cpp.o(.rodata._ZTSN10__cxxabiv121__vmi_class_type_infoE)
    typeinfo name for std::type_info         0x0800bece   Data          13  stdlib_typeinfo.cpp.o(.rodata._ZTSSt9type_info)
    vtable for IIC                           0x0800bedc   Data          44  iic.o(.rodata._ZTV3IIC)
    vtable for ImuCalc                       0x0800bf08   Data          12  imu.o(.rodata._ZTV7ImuCalc)
    vtable for Mpu6050                       0x0800bf14   Data          60  mpu6050.o(.rodata._ZTV7Mpu6050)
    vtable for Softiic                       0x0800bf50   Data          44  iic.o(.rodata._ZTV7Softiic)
    vtable for __cxxabiv1::__class_type_info 0x0800bf7c   Data          40  private_typeinfo.cpp.o(.rodata._ZTVN10__cxxabiv117__class_type_infoE)
    vtable for __cxxabiv1::__si_class_type_info 0x0800bfa4   Data          40  private_typeinfo.cpp.o(.rodata._ZTVN10__cxxabiv120__si_class_type_infoE)
    vtable for __cxxabiv1::__vmi_class_type_info 0x0800bfcc   Data          40  private_typeinfo.cpp.o(.rodata._ZTVN10__cxxabiv121__vmi_class_type_infoE)
    wCRC_Table                               0x0800c07c   Data         512  crc.o(.rodata.wCRC_Table)
    Region$$Table$$Base                      0x0800c27c   Number         0  anon$$obj.o(Region$$Table)
    Region$$Table$$Limit                     0x0800c29c   Number         0  anon$$obj.o(Region$$Table)
    SHT$$INIT_ARRAY$$Base                    0x0800c29c   Number         0  imu_task.o(.init_array)
    SHT$$INIT_ARRAY$$Limit                   0x0800c2b4   Number         0  cpp_init.o(.init_array)
    __microlib_freelist                      0x20000000   Data           4  mvars.o(.data)
    __microlib_freelist_initialised          0x20000004   Data           4  mvars.o(.data)
    CRC_INIT                                 0x2000000c   Data           2  crc.o(.data.CRC_INIT)
    ESP8266_Link_Status                      0x2000000e   Data           1  wifi_task.o(.data.ESP8266_Link_Status)
    ESP8266_Send_Status                      0x2000000f   Data           1  wifi_task.o(.data.ESP8266_Send_Status)
    SystemCoreClock                          0x20000010   Data           4  system_stm32f4xx.o(.data.SystemCoreClock)
    creatResult                              0x2000001b   Data          10  start_task.o(.data.creatResult)
    flagCmd                                  0x20000025   Data           5  ore_task.o(.data.flagCmd)
    motorCurrentLimitList                    0x2000002a   Data          10  motor.o(.data.motorCurrentLimitList)
    motorMaxTempList                         0x20000034   Data          10  motor.o(.data.motorMaxTempList)
    motorSpeedLimitList                      0x2000003e   Data          10  motor.o(.data.motorSpeedLimitList)
    Can1                                     0x200000c8   Data           4  can.o(.bss.Can1)
    Can1RxMsg                                0x200000cc   Data          20  can.o(.bss.Can1RxMsg)
    Can2                                     0x200000e0   Data           4  can.o(.bss.Can2)
    Can2RxMsg                                0x200000e4   Data          20  can.o(.bss.Can2RxMsg)
    Climbing                                 0x200000f8   Data         672  ore_task.o(.bss.Climbing)
    Clip                                     0x20000398   Data         336  ore_task.o(.bss.Clip)
    DMA_InitStructure_Rx                     0x200004e8   Data          60  wifi_task.o(.bss.DMA_InitStructure_Rx)
    DbusTask_Handler                         0x20000524   Data           4  start_task.o(.bss.DbusTask_Handler)
    ESP8266_ChangeStruct                     0x20000528   Data          73  wifi_task.o(.bss.ESP8266_ChangeStruct)
    ExCmd                                    0x20000574   Data           8  moneytaking_task.o(.bss.ExCmd)
    FreeRTOSRunTimeTicks                     0x20000580   Data           8  timer.o(.bss.FreeRTOSRunTimeTicks)
    IFlash                                   0x20000588   Data          56  flash_var.o(.bss.IFlash)
    Init_OK                                  0x200005c0   Data           1  board.o(.bss.Init_OK)
    LED_Queue                                0x200005c4   Data           4  led_task.o(.bss.LED_Queue)
    LedTask_Handler                          0x200005c8   Data           4  start_task.o(.bss.LedTask_Handler)
    MoneyTakingTask_Handler                  0x200005cc   Data           4  start_task.o(.bss.MoneyTakingTask_Handler)
    Mpu6050_Top                              0x200005d0   Data       12424  imu_task.o(.bss.Mpu6050_Top)
    OreTask_Handler                          0x20003658   Data           4  start_task.o(.bss.OreTask_Handler)
    RC                                       0x2000365c   Data         116  dbus.o(.bss.RC)
    ResetCmd                                 0x200036d0   Data          56  moneytaking_task.o(.bss.ResetCmd)
    SBUS_rx_buf                              0x20003708   Data          72  dbus.o(.bss.SBUS_rx_buf)
    StartTask_Handler                        0x20003750   Data           4  main.o(.bss.StartTask_Handler)
    TurnTable                                0x20003758   Data         336  ore_task.o(.bss.TurnTable)
    Turning                                  0x200038a8   Data         672  ore_task.o(.bss.Turning)
    KeyProcess::keyCycle                     0x20003b70   Data          12  keyprocess.o(.bss._ZN10KeyProcess8keyCycleE)
    Motor::DJI_MotorFlag                     0x20003b7c   Data          16  motor.o(.bss._ZN5Motor13DJI_MotorFlagE)
    Motor::canBuff                           0x20003b8c   Data          64  motor.o(.bss._ZN5Motor7canBuffE)
    __cxa_new_handler                        0x20003c18   Data           4  cxa_handlers.cpp.o(.bss.__cxa_new_handler)
    bar_code                                 0x20003c1c   Data          10  can.o(.bss.bar_code)
    boardLed                                 0x20003c28   Data          12  led_task.o(.bss.boardLed)
    busy_Flag                                0x20003c34   Data           1  wifi_task.o(.bss.busy_Flag)
    deforceFlag                              0x20003c35   Data           1  dbus_task.o(.bss.deforceFlag)
    esp8266_Recv_Buffer                      0x20003c36   Data          80  wifi_task.o(.bss.esp8266_Recv_Buffer)
    fail_CNT                                 0x20003c86   Data           1  wifi_task.o(.bss.fail_CNT)
    freeHeap                                 0x20003c88   Data           4  led_task.o(.bss.freeHeap)
    imuTimeMatch                             0x20003c8c   Data          36  vision.o(.bss.imuTimeMatch)
    in_climb                                 0x20003cb0   Data         136  ore_task.o(.bss.in_climb)
    in_clip                                  0x20003d38   Data         136  ore_task.o(.bss.in_clip)
    in_table                                 0x20003dc0   Data         136  ore_task.o(.bss.in_table)
    in_turn                                  0x20003e48   Data         136  ore_task.o(.bss.in_turn)
    judgement                                0x20003ed0   Data         833  judgement.o(.bss.judgement)
    motorList                                0x20004214   Data         192  motor.o(.bss.motorList)
    out_climb                                0x200042d4   Data         136  ore_task.o(.bss.out_climb)
    out_clip                                 0x2000435c   Data         136  ore_task.o(.bss.out_clip)
    out_table                                0x200043e4   Data         136  ore_task.o(.bss.out_table)
    out_turn                                 0x2000446c   Data         136  ore_task.o(.bss.out_turn)
    pxCurrentTCB                             0x200044f8   Data           4  tasks.o(.bss.pxCurrentTCB)
    sbus_decode_buffer                       0x20004790   Data          30  dbus.o(.bss.sbus_decode_buffer)
    sysTickUptime                            0x200047b0   Data           4  board.o(.bss.sysTickUptime)
    sysTickUptimeUs                          0x200047b4   Data           4  board.o(.bss.sysTickUptimeUs)
    tmp_RecvBuff                             0x200047b8   Data          42  vision.o(.bss.tmp_RecvBuff)
    useOriginHandle                          0x20010ff0   Data           1  dbus.o(.bss.useOriginHandle)
    visionInfo                               0x2001100c   Data           8  vision.o(.bss.visionInfo)
    vision_RecvStruct                        0x20011014   Data          42  vision.o(.bss.vision_RecvStruct)
    vision_Rx_DMA_InitStructure              0x20011040   Data          60  vision.o(.bss.vision_Rx_DMA_InitStructure)
    vision_SendStruct                        0x2001107c   Data         158  vision.o(.bss.vision_SendStruct)
    vision_Tx_DMA_InitStructure              0x2001111c   Data          60  vision.o(.bss.vision_Tx_DMA_InitStructure)
    xQueueRegistry                           0x200111d4   Data          64  queue.o(.bss.xQueueRegistry)
    __heap_base                              0x20011258   Data           0  startup_stm32f40_41xxx.o(HEAP)
    __heap_limit                             0x20012258   Data           0  startup_stm32f40_41xxx.o(HEAP)
    __initial_sp                             0x20012658   Data           0  startup_stm32f40_41xxx.o(STACK)



==============================================================================

Memory Map of the image

  Image Entry point : 0x08000189

  Load Region LR_IROM1 (Base: 0x08000000, Size: 0x0000c308, Max: 0x00100000, ABSOLUTE)

    Execution Region ER_IROM1 (Exec base: 0x08000000, Load base: 0x08000000, Size: 0x0000c2b4, Max: 0x00100000, ABSOLUTE)

    Exec Addr    Load Addr    Size         Type   Attr      Idx    E Section Name        Object

    0x08000000   0x08000000   0x00000188   Data   RO         2425    RESET               startup_stm32f40_41xxx.o
    0x08000188   0x08000188   0x00000000   Code   RO         3513  * .ARM.Collect$$$$00000000  mc_w.l(entry.o)
    0x08000188   0x08000188   0x00000004   Code   RO         3745    .ARM.Collect$$$$00000001  mc_w.l(entry2.o)
    0x0800018c   0x0800018c   0x00000004   Code   RO         3748    .ARM.Collect$$$$00000004  mc_w.l(entry5.o)
    0x08000190   0x08000190   0x00000000   Code   RO         3750    .ARM.Collect$$$$00000008  mc_w.l(entry7b.o)
    0x08000190   0x08000190   0x00000004   Code   RO         3751    .ARM.Collect$$$$00000009  mc_w.l(entry8a.o)
    0x08000194   0x08000194   0x00000000   Code   RO         3752    .ARM.Collect$$$$0000000A  mc_w.l(entry8b.o)
    0x08000194   0x08000194   0x00000008   Code   RO         3753    .ARM.Collect$$$$0000000B  mc_w.l(entry9a.o)
    0x0800019c   0x0800019c   0x00000000   Code   RO         3755    .ARM.Collect$$$$0000000D  mc_w.l(entry10a.o)
    0x0800019c   0x0800019c   0x00000004   Code   RO         3756    .ARM.Collect$$$$0000000E  mc_w.l(entry10b.o)
    0x080001a0   0x080001a0   0x00000000   Code   RO         3757    .ARM.Collect$$$$0000000F  mc_w.l(entry11a.o)
    0x080001a0   0x080001a0   0x00000004   Code   RO         3746    .ARM.Collect$$$$00002712  mc_w.l(entry2.o)
    0x080001a4   0x080001a4   0x00000024   Code   RO         2426    .text               startup_stm32f40_41xxx.o
    0x080001c8   0x080001c8   0x00000062   Code   RO         3516    .text               mc_w.l(ldiv.o)
    0x0800022a   0x0800022a   0x00000024   Code   RO         3520    .text               mc_w.l(memcpya.o)
    0x0800024e   0x0800024e   0x00000024   Code   RO         3522    .text               mc_w.l(memseta.o)
    0x08000272   0x08000272   0x00000024   Code   RO         3526    .text               mc_w.l(strstr.o)
    0x08000296   0x08000296   0x00000002   PAD
    0x08000298   0x08000298   0x00000020   Code   RO         3593    .text               mc_w.l(cpp_init.o)
    0x080002b8   0x080002b8   0x0000000a   Code   RO         3595    .text               mc_w.l(cxa_atexit.o)
    0x080002c2   0x080002c2   0x0000014e   Code   RO         3597    .text               mf_w.l(dadd.o)
    0x08000410   0x08000410   0x000000e4   Code   RO         3599    .text               mf_w.l(dmul.o)
    0x080004f4   0x080004f4   0x00000022   Code   RO         3609    .text               mf_w.l(dflti.o)
    0x08000516   0x08000516   0x0000001a   Code   RO         3611    .text               mf_w.l(dfltui.o)
    0x08000530   0x08000530   0x00000028   Code   RO         3613    .text               mf_w.l(dfltl.o)
    0x08000558   0x08000558   0x00000018   Code   RO         3615    .text               mf_w.l(dfltul.o)
    0x08000570   0x08000570   0x00000026   Code   RO         3617    .text               mf_w.l(f2d.o)
    0x08000596   0x08000596   0x00000038   Code   RO         3619    .text               mf_w.l(d2f.o)
    0x080005ce   0x080005ce   0x00000062   Code   RO         3766    .text               mc_w.l(uldiv.o)
    0x08000630   0x08000630   0x0000001e   Code   RO         3768    .text               mc_w.l(llshl.o)
    0x0800064e   0x0800064e   0x00000024   Code   RO         3770    .text               mc_w.l(llsshr.o)
    0x08000672   0x08000672   0x0000001c   Code   RO         3772    .text               mc_w.l(strcmp.o)
    0x0800068e   0x0800068e   0x00000000   Code   RO         3785    .text               mc_w.l(iusefp.o)
    0x0800068e   0x0800068e   0x0000002e   Code   RO         3786    .text               mc_w.l(aeabi_atexit.o)
    0x080006bc   0x080006bc   0x0000006e   Code   RO         3792    .text               mf_w.l(fepilogue.o)
    0x0800072a   0x0800072a   0x000000ba   Code   RO         3794    .text               mf_w.l(depilogue.o)
    0x080007e4   0x080007e4   0x00000024   Code   RO         3850    .text               mc_w.l(init.o)
    0x08000808   0x08000808   0x00000020   Code   RO         3853    .text               mc_w.l(llushr.o)
    0x08000828   0x08000828   0x00000008   Code   RO         3856    .text               mc_w.l(cpp_dtor.o)
    0x08000830   0x08000830   0x00000042   Code   RO         3859    .text               mc_w.l(cxa_finalize.o)
    0x08000872   0x08000872   0x00000002   Code   RO         3867    .text               mc_w.l(cpp_final.o)
    0x08000874   0x08000874   0x0000005a   Code   RO          431    .text.Append_CRC16_Check_Sum  crc.o
    0x080008ce   0x080008ce   0x00000002   PAD
    0x080008d0   0x080008d0   0x00000004   Code   RO           53    .text.BusFault_Handler  stm32f4xx_it.o
    0x080008d4   0x080008d4   0x0000005a   Code   RO          755    .text.CAN1_RX0_IRQHandler  can.o
    0x0800092e   0x0800092e   0x00000002   PAD
    0x08000930   0x08000930   0x00000028   Code   RO          751    .text.CAN1_TX_IRQHandler  can.o
    0x08000958   0x08000958   0x000000a4   Code   RO          757    .text.CAN2_RX0_IRQHandler  can.o
    0x080009fc   0x080009fc   0x00000028   Code   RO          753    .text.CAN2_TX_IRQHandler  can.o
    0x08000a24   0x08000a24   0x000000ee   Code   RO         1494    .text.CAN_ClearITPendingBit  stm32f4xx_can.o
    0x08000b12   0x08000b12   0x00000002   PAD
    0x08000b14   0x08000b14   0x00000046   Code   RO         1446    .text.CAN_DeInit    stm32f4xx_can.o
    0x08000b5a   0x08000b5a   0x00000002   PAD
    0x08000b5c   0x08000b5c   0x0000016a   Code   RO         1450    .text.CAN_FilterInit  stm32f4xx_can.o
    0x08000cc6   0x08000cc6   0x00000002   PAD
    0x08000cc8   0x08000cc8   0x0000019c   Code   RO         1490    .text.CAN_GetITStatus  stm32f4xx_can.o
    0x08000e64   0x08000e64   0x00000034   Code   RO         1484    .text.CAN_ITConfig  stm32f4xx_can.o
    0x08000e98   0x08000e98   0x000001c2   Code   RO         1448    .text.CAN_Init      stm32f4xx_can.o
    0x0800105a   0x0800105a   0x00000002   PAD
    0x0800105c   0x0800105c   0x0000015a   Code   RO         1466    .text.CAN_Receive   stm32f4xx_can.o
    0x080011b6   0x080011b6   0x00000002   PAD
    0x080011b8   0x080011b8   0x0000003c   Code   RO         1452    .text.CAN_StructInit  stm32f4xx_can.o
    0x080011f4   0x080011f4   0x00000142   Code   RO         1460    .text.CAN_Transmit  stm32f4xx_can.o
    0x08001336   0x08001336   0x00000002   PAD
    0x08001338   0x08001338   0x0000002e   Code   RO         1492    .text.CheckITStatus  stm32f4xx_can.o
    0x08001366   0x08001366   0x00000002   PAD
    0x08001368   0x08001368   0x0000001a   Code   RO          786    .text.ConfigureTimeForRunTimeStats  timer.o
    0x08001382   0x08001382   0x00000002   PAD
    0x08001384   0x08001384   0x00000050   Code   RO         1267    .text.DMA2_Stream1_IRQHandler  judgement.o
    0x080013d4   0x080013d4   0x00000062   Code   RO         1591    .text.DMA_ClearFlag  stm32f4xx_dma.o
    0x08001436   0x08001436   0x00000002   PAD
    0x08001438   0x08001438   0x00000062   Code   RO         1597    .text.DMA_ClearITPendingBit  stm32f4xx_dma.o
    0x0800149a   0x0800149a   0x00000002   PAD
    0x0800149c   0x0800149c   0x00000030   Code   RO         1567    .text.DMA_Cmd       stm32f4xx_dma.o
    0x080014cc   0x080014cc   0x00000258   Code   RO         1561    .text.DMA_DeInit    stm32f4xx_dma.o
    0x08001724   0x08001724   0x0000002e   Code   RO         1585    .text.DMA_GetCmdStatus  stm32f4xx_dma.o
    0x08001752   0x08001752   0x00000002   PAD
    0x08001754   0x08001754   0x0000000e   Code   RO         1575    .text.DMA_GetCurrDataCounter  stm32f4xx_dma.o
    0x08001762   0x08001762   0x00000002   PAD
    0x08001764   0x08001764   0x00000026   Code   RO         1583    .text.DMA_GetCurrentMemoryTarget  stm32f4xx_dma.o
    0x0800178a   0x0800178a   0x00000002   PAD
    0x0800178c   0x0800178c   0x000000be   Code   RO         1595    .text.DMA_GetITStatus  stm32f4xx_dma.o
    0x0800184a   0x0800184a   0x00000002   PAD
    0x0800184c   0x0800184c   0x00000078   Code   RO         1593    .text.DMA_ITConfig  stm32f4xx_dma.o
    0x080018c4   0x080018c4   0x00000094   Code   RO         1563    .text.DMA_Init      stm32f4xx_dma.o
    0x08001958   0x08001958   0x00000016   Code   RO         1573    .text.DMA_SetCurrDataCounter  stm32f4xx_dma.o
    0x0800196e   0x0800196e   0x00000002   PAD
    0x08001970   0x08001970   0x00000002   Code   RO           57    .text.DebugMon_Handler  stm32f4xx_it.o
    0x08001972   0x08001972   0x00000002   PAD
    0x08001974   0x08001974   0x000000fa   Code   RO         1765    .text.GPIO_Init     stm32f4xx_gpio.o
    0x08001a6e   0x08001a6e   0x00000002   PAD
    0x08001a70   0x08001a70   0x0000007a   Code   RO         1789    .text.GPIO_PinAFConfig  stm32f4xx_gpio.o
    0x08001aea   0x08001aea   0x00000002   PAD
    0x08001aec   0x08001aec   0x0000006c   Code   RO          427    .text.Get_CRC16_Check_Sum  crc.o
    0x08001b58   0x08001b58   0x00000004   Code   RO           49    .text.HardFault_Handler  stm32f4xx_it.o
    0x08001b5c   0x08001b5c   0x00000010   Code   RO         1883    .text.IWDG_Enable   stm32f4xx_iwdg.o
    0x08001b6c   0x08001b6c   0x00000010   Code   RO         1881    .text.IWDG_ReloadCounter  stm32f4xx_iwdg.o
    0x08001b7c   0x08001b7c   0x0000001a   Code   RO         1877    .text.IWDG_SetPrescaler  stm32f4xx_iwdg.o
    0x08001b96   0x08001b96   0x00000002   PAD
    0x08001b98   0x08001b98   0x0000001a   Code   RO         1879    .text.IWDG_SetReload  stm32f4xx_iwdg.o
    0x08001bb2   0x08001bb2   0x00000002   PAD
    0x08001bb4   0x08001bb4   0x0000001a   Code   RO         1875    .text.IWDG_WriteAccessCmd  stm32f4xx_iwdg.o
    0x08001bce   0x08001bce   0x00000002   PAD
    0x08001bd0   0x08001bd0   0x00000004   Code   RO           51    .text.MemManage_Handler  stm32f4xx_it.o
    0x08001bd4   0x08001bd4   0x00000002   Code   RO           47    .text.NMI_Handler   stm32f4xx_it.o
    0x08001bd6   0x08001bd6   0x00000002   PAD
    0x08001bd8   0x08001bd8   0x000000d2   Code   RO         1348    .text.NVIC_Init     misc.o
    0x08001caa   0x08001caa   0x00000002   PAD
    0x08001cac   0x08001cac   0x0000001c   Code   RO         1346    .text.NVIC_PriorityGroupConfig  misc.o
    0x08001cc8   0x08001cc8   0x00000008   PAD
    0x08001cd0   0x08001cd0   0x00000064   Code   RO         2828    .text.PendSV_Handler  port.o
    0x08001d34   0x08001d34   0x0000003e   Code   RO         1960    .text.RCC_AHB1PeriphClockCmd  stm32f4xx_rcc.o
    0x08001d72   0x08001d72   0x00000002   PAD
    0x08001d74   0x08001d74   0x0000003e   Code   RO         1966    .text.RCC_APB1PeriphClockCmd  stm32f4xx_rcc.o
    0x08001db2   0x08001db2   0x00000002   PAD
    0x08001db4   0x08001db4   0x0000003e   Code   RO         1976    .text.RCC_APB1PeriphResetCmd  stm32f4xx_rcc.o
    0x08001df2   0x08001df2   0x00000002   PAD
    0x08001df4   0x08001df4   0x0000003e   Code   RO         1968    .text.RCC_APB2PeriphClockCmd  stm32f4xx_rcc.o
    0x08001e32   0x08001e32   0x00000002   PAD
    0x08001e34   0x08001e34   0x0000003e   Code   RO         1978    .text.RCC_APB2PeriphResetCmd  stm32f4xx_rcc.o
    0x08001e72   0x08001e72   0x00000002   PAD
    0x08001e74   0x08001e74   0x00000166   Code   RO         1938    .text.RCC_GetClocksFreq  stm32f4xx_rcc.o
    0x08001fda   0x08001fda   0x00000006   PAD
    0x08001fe0   0x08001fe0   0x00000024   Code   RO         2812    .text.SVC_Handler   port.o
    0x08002004   0x08002004   0x00000136   Code   RO         2411    .text.SetSysClock   system_stm32f4xx.o
    0x0800213a   0x0800213a   0x00000002   PAD
    0x0800213c   0x0800213c   0x00000034   Code   RO         1354    .text.SysTick_CLKSourceConfig  misc.o
    0x08002170   0x08002170   0x00000054   Code   RO           59    .text.SysTick_Handler  stm32f4xx_it.o
    0x080021c4   0x080021c4   0x00000074   Code   RO         2409    .text.SystemInit    system_stm32f4xx.o
    0x08002238   0x08002238   0x00000036   Code   RO          790    .text.TIM2_IRQHandler  timer.o
    0x0800226e   0x0800226e   0x00000002   PAD
    0x08002270   0x08002270   0x00000018   Code   RO         2303    .text.TIM_ClearITPendingBit  stm32f4xx_tim.o
    0x08002288   0x08002288   0x00000030   Code   RO         2181    .text.TIM_Cmd       stm32f4xx_tim.o
    0x080022b8   0x080022b8   0x00000060   Code   RO         2301    .text.TIM_GetITStatus  stm32f4xx_tim.o
    0x08002318   0x08002318   0x0000003c   Code   RO         2293    .text.TIM_ITConfig  stm32f4xx_tim.o
    0x08002354   0x08002354   0x0000010e   Code   RO         2155    .text.TIM_TimeBaseInit  stm32f4xx_tim.o
    0x08002462   0x08002462   0x00000002   PAD
    0x08002464   0x08002464   0x00000160   Code   RO          806    .text.USART1_IRQHandler  vision.o
    0x080025c4   0x080025c4   0x000001be   Code   RO          917    .text.USART2_IRQHandler  dbus.o
    0x08002782   0x08002782   0x00000002   PAD
    0x08002784   0x08002784   0x00000544   Code   RO          201    .text.USART6_IRQHandler  wifi_task.o
    0x08002cc8   0x08002cc8   0x00000048   Code   RO         2400    .text.USART_ClearITPendingBit  stm32f4xx_usart.o
    0x08002d10   0x08002d10   0x00000030   Code   RO         2354    .text.USART_Cmd     stm32f4xx_usart.o
    0x08002d40   0x08002d40   0x0000003c   Code   RO         2390    .text.USART_DMACmd  stm32f4xx_usart.o
    0x08002d7c   0x08002d7c   0x00000144   Code   RO         2344    .text.USART_DeInit  stm32f4xx_usart.o
    0x08002ec0   0x08002ec0   0x000000ba   Code   RO         2398    .text.USART_GetITStatus  stm32f4xx_usart.o
    0x08002f7a   0x08002f7a   0x00000002   PAD
    0x08002f7c   0x08002f7c   0x0000009c   Code   RO         2392    .text.USART_ITConfig  stm32f4xx_usart.o
    0x08003018   0x08003018   0x00000164   Code   RO         2346    .text.USART_Init    stm32f4xx_usart.o
    0x0800317c   0x0800317c   0x00000010   Code   RO         2364    .text.USART_ReceiveData  stm32f4xx_usart.o
    0x0800318c   0x0800318c   0x00000004   Code   RO           55    .text.UsageFault_Handler  stm32f4xx_it.o
    0x08003190   0x08003190   0x0000007e   Code   RO          429    .text.Verify_CRC16_Check_Sum  crc.o
    0x0800320e   0x0800320e   0x00000002   PAD
    0x08003210   0x08003210   0x00000008   Code   RO          665    .text._GLOBAL__sub_I_KeyProcess.cpp  keyprocess.o
    0x08003218   0x08003218   0x00000008   Code   RO          243    .text._GLOBAL__sub_I_flash_var.cpp  flash_var.o
    0x08003220   0x08003220   0x00000008   Code   RO          133    .text._GLOBAL__sub_I_imu_task.cpp  imu_task.o
    0x08003228   0x08003228   0x00000008   Code   RO          151    .text._GLOBAL__sub_I_led_task.cpp  led_task.o
    0x08003230   0x08003230   0x00000014   Code   RO          302    .text._GLOBAL__sub_I_ore_task.cpp  ore_task.o
    0x08003244   0x08003244   0x00000008   Code   RO          808    .text._GLOBAL__sub_I_vision.cpp  vision.o
    0x0800324c   0x0800324c   0x000000f4   Code   RO           69    .text._Z10Start_TaskPv  start_task.o
    0x08003340   0x08003340   0x00000128   Code   RO          327    .text._Z11SuctionRestv  moneytaking_task.o
    0x08003468   0x08003468   0x000001c0   Code   RO          802    .text._Z11Vision_Initv  vision.o
    0x08003628   0x08003628   0x0000003c   Code   RO           12    .text._Z11sysTickInitv  board.o
    0x08003664   0x08003664   0x00000042   Code   RO           24    .text._Z12boardALLInitv  board.o
    0x080036a6   0x080036a6   0x00000002   PAD
    0x080036a8   0x080036a8   0x00000040   Code   RO           16    .text._Z12getSysTimeUsv  board.o
    0x080036e8   0x080036e8   0x0000005e   Code   RO          507    .text._Z12my_deathzoomff  my_math.o
    0x08003746   0x08003746   0x00000002   PAD
    0x08003748   0x08003748   0x0000001a   Code   RO          193    .text._Z15recv_dataChangev  wifi_task.o
    0x08003762   0x08003762   0x00000002   PAD
    0x08003764   0x08003764   0x00000018   Code   RO          333    .text._Z16MoneyTaking_TaskPv  moneytaking_task.o
    0x0800377c   0x0800377c   0x00000164   Code   RO          294    .text._Z16Pumpturning_ctrlv  ore_task.o
    0x080038e0   0x080038e0   0x00000084   Code   RO          804    .text._Z16vision_Send_Datav  vision.o
    0x08003964   0x08003964   0x000000ea   Code   RO          296    .text._Z18ClimbPosition_ctrlv  ore_task.o
    0x08003a4e   0x08003a4e   0x00000002   PAD
    0x08003a50   0x08003a50   0x000000cc   Code   RO          761    .text._Z5canTxPfP11CAN_TypeDefj  can.o
    0x08003b1c   0x08003b1c   0x000000ba   Code   RO          747    .text._Z7canInitP11CAN_TypeDef  can.o
    0x08003bd6   0x08003bd6   0x00000002   PAD
    0x08003bd8   0x08003bd8   0x000000a4   Code   RO           18    .text._Z7delayUsj   board.o
    0x08003c7c   0x08003c7c   0x00000364   Code   RO          331    .text._Z8Exchangev  moneytaking_task.o
    0x08003fe0   0x08003fe0   0x000000e4   Code   RO          149    .text._Z8Led_TaskPv  led_task.o
    0x080040c4   0x080040c4   0x000003dc   Code   RO          300    .text._Z8Ore_TaskPv  ore_task.o
    0x080044a0   0x080044a0   0x00000008   Code   RO          777    .text._Z8iwdgFeedv  iwdg.o
    0x080044a8   0x080044a8   0x00000038   Code   RO          775    .text._Z8iwdgInitht  iwdg.o
    0x080044e0   0x080044e0   0x00000016   Code   RO         1259    .text._Z9ringQueuePv  judgement.o
    0x080044f6   0x080044f6   0x00000002   PAD
    0x080044f8   0x080044f8   0x00000274   Code   RO          919    .text._ZL11Handle_dataPVKhP3_RC  dbus.o
    0x0800476c   0x0800476c   0x00000030   Code   RO          843    .text._ZL13judge_BitSitet  iic.o
    0x0800479c   0x0800479c   0x00000052   Code   RO           14    .text._ZL14SysTick_Configj  board.o
    0x080047ee   0x080047ee   0x00000002   PAD
    0x080047f0   0x080047f0   0x00000148   Code   RO          749    .text._ZL15canGpioNvicInitP11CAN_TypeDef  can.o
    0x08004938   0x08004938   0x00000044   Code   RO           26    .text._ZL18__NVIC_SetPriority4IRQnj  board.o
    0x0800497c   0x0800497c   0x00000026   Code   RO          329    .text._ZL18__NVIC_SystemResetv  moneytaking_task.o
    0x080049a2   0x080049a2   0x00000002   PAD
    0x080049a4   0x080049a4   0x0000007a   Code   RO          788    .text._ZL9TIM2_Inittt  timer.o
    0x08004a1e   0x08004a1e   0x00000004   Code   RO         3111    .text._ZN10__cxxabiv116__shim_type_infoD2Ev  libcppabi_w.l(private_typeinfo.cpp.o)
    0x08004a22   0x08004a22   0x0000000e   Code   RO         3127    .text._ZN10__cxxabiv117__class_type_infoD0Ev  libcppabi_w.l(private_typeinfo.cpp.o)
    0x08004a30   0x08004a30   0x0000000e   Code   RO         3129    .text._ZN10__cxxabiv120__si_class_type_infoD0Ev  libcppabi_w.l(private_typeinfo.cpp.o)
    0x08004a3e   0x08004a3e   0x0000000e   Code   RO         3131    .text._ZN10__cxxabiv121__vmi_class_type_infoD0Ev  libcppabi_w.l(private_typeinfo.cpp.o)
    0x08004a4c   0x08004a4c   0x00000018   Code   RO          371    .text._ZN11_FbValuePtrC2Ev  pid.o
    0x08004a64   0x08004a64   0x00000014   Code   RO          357    .text._ZN11_FbValuePtraSEPi  pid.o
    0x08004a78   0x08004a78   0x00000014   Code   RO          355    .text._ZN11_FbValuePtraSEPs  pid.o
    0x08004a8c   0x08004a8c   0x0000021e   Code   RO          367    .text._ZN11_FbValuePtrdeEv  pid.o
    0x08004caa   0x08004caa   0x00000002   PAD
    0x08004cac   0x08004cac   0x00000012   Code   RO          369    .text._ZN11_FbValuePtrntEv  pid.o
    0x08004cbe   0x08004cbe   0x00000002   PAD
    0x08004cc0   0x08004cc0   0x000000c2   Code   RO          529    .text._ZN3Can12Motor_OffsetEhP8CanRxMsg  can_calculate.o
    0x08004d82   0x08004d82   0x00000002   PAD
    0x08004d84   0x08004d84   0x00000048   Code   RO          533    .text._ZN3Can15IsDJIMotorCheckE8CanRxMsg  can_calculate.o
    0x08004dcc   0x08004dcc   0x000003c8   Code   RO          531    .text._ZN3Can27Motor_Information_CalculateEhP8CanRxMsg  can_calculate.o
    0x08005194   0x08005194   0x00000054   Code   RO          825    .text._ZN3IIC14iicRegReadByteEhh  iic.o
    0x080051e8   0x080051e8   0x00000136   Code   RO          827    .text._ZN3IIC14iicRegReadDataEhhPhh  iic.o
    0x0800531e   0x0800531e   0x00000002   PAD
    0x08005320   0x08005320   0x00000008   Code   RO          909    .text._ZN3IIC7iicInitEv  iic.o
    0x08005328   0x08005328   0x00000016   Code   RO          897    .text._ZN3IICC2Ev   iic.o
    0x0800533e   0x0800533e   0x00000002   PAD
    0x08005340   0x08005340   0x0000004a   Code   RO          940    .text._ZN3Led4initEv  led.o
    0x0800538a   0x0800538a   0x00000002   PAD
    0x0800538c   0x0800538c   0x00000030   Code   RO          944    .text._ZN3Led4showEh  led.o
    0x080053bc   0x080053bc   0x00000186   Code   RO          942    .text._ZN3Led9stateShowEh  led.o
    0x08005542   0x08005542   0x00000002   PAD
    0x08005544   0x08005544   0x00000022   Code   RO          938    .text._ZN3LedC2EjP12GPIO_TypeDeft  led.o
    0x08005566   0x08005566   0x00000002   PAD
    0x08005568   0x08005568   0x00000150   Code   RO          397    .text._ZN3Pid10setPlanNumEi  pid.o
    0x080056b8   0x080056b8   0x0000001c   Code   RO          401    .text._ZN3Pid5ClearEv  pid.o
    0x080056d4   0x080056d4   0x0000059c   Code   RO          405    .text._ZN3Pid9CalculateEddiPff  pid.o
    0x08005c70   0x08005c70   0x0000006e   Code   RO          407    .text._ZN3Pid9CalculateEdiPff  pid.o
    0x08005cde   0x08005cde   0x00000002   PAD
    0x08005ce0   0x08005ce0   0x0000007c   Code   RO          403    .text._ZN3Pid9LoadCheckEi  pid.o
    0x08005d5c   0x08005d5c   0x00000096   Code   RO          395    .text._ZN3PidC2Ei   pid.o
    0x08005df2   0x08005df2   0x00000002   PAD
    0x08005df4   0x08005df4   0x00000012   Code   RO          281    .text._ZN4LineIPhEC2Ev  flash_var.o
    0x08005e06   0x08005e06   0x00000002   PAD
    0x08005e08   0x08005e08   0x0000005e   Code   RO          283    .text._ZN4LineIPhED2Ev  flash_var.o
    0x08005e66   0x08005e66   0x00000002   PAD
    0x08005e68   0x08005e68   0x00000012   Code   RO          261    .text._ZN4LineItEC2Ev  flash_var.o
    0x08005e7a   0x08005e7a   0x00000002   PAD
    0x08005e7c   0x08005e7c   0x0000005e   Code   RO          275    .text._ZN4LineItED2Ev  flash_var.o
    0x08005eda   0x08005eda   0x00000002   PAD
    0x08005edc   0x08005edc   0x00000064   Code   RO           39    .text._ZN5Cycle9getCycleTEv  cycle.o
    0x08005f40   0x08005f40   0x0000001c   Code   RO          144    .text._ZN5CycleC2Ev  imu_task.o
    0x08005f5c   0x08005f5c   0x0000005c   Code   RO          962    .text._ZN5Motor10isDJIMotorEP11CAN_TypeDefj  motor.o
    0x08005fb8   0x08005fb8   0x000001d0   Code   RO          966    .text._ZN5Motor11ctrlCurrentEfh  motor.o
    0x08006188   0x08006188   0x000000b8   Code   RO          974    .text._ZN5Motor12ctrlPositionEdah  motor.o
    0x08006240   0x08006240   0x00000086   Code   RO          970    .text._ZN5Motor13motorPowerOutEf  motor.o
    0x080062c6   0x080062c6   0x00000002   PAD
    0x080062c8   0x080062c8   0x0000009c   Code   RO          968    .text._ZN5Motor15overHeatProtectEs  motor.o
    0x08006364   0x08006364   0x0000001a   Code   RO          998    .text._ZN5Motor18getMotorSpeedLimitEv  motor.o
    0x0800637e   0x0800637e   0x00000002   PAD
    0x08006380   0x08006380   0x000002b0   Code   RO          964    .text._ZN5Motor19sendCanMsg_CallbackEPv  motor.o
    0x08006630   0x08006630   0x0000001a   Code   RO          994    .text._ZN5Motor20getMotorCurrentLimitEv  motor.o
    0x0800664a   0x0800664a   0x00000002   PAD
    0x0800664c   0x0800664c   0x0000000e   Code   RO          986    .text._ZN5Motor7getTypeEv  motor.o
    0x0800665a   0x0800665a   0x00000002   PAD
    0x0800665c   0x0800665c   0x00000098   Code   RO          972    .text._ZN5Motor9ctrlSpeedEfah  motor.o
    0x080066f4   0x080066f4   0x00000204   Code   RO          960    .text._ZN5Motor9motorInitEv  motor.o
    0x080068f8   0x080068f8   0x00000120   Code   RO          958    .text._ZN5MotorC2E9MotorTypeP11CAN_TypeDefj  motor.o
    0x08006a18   0x08006a18   0x00000134   Code   RO          474    .text._ZN7ImuCalc13gyroAccUpdateEv  imu.o
    0x08006b4c   0x08006b4c   0x0000007c   Code   RO          458    .text._ZN7ImuCalcC2Ev  imu.o
    0x08006bc8   0x08006bc8   0x00000018   Code   RO         1030    .text._ZN7Mpu605012Mpu6050_ReadEv  mpu6050.o
    0x08006be0   0x08006be0   0x00000010   Code   RO         1038    .text._ZN7Mpu605013gyroAccUpdateEv  mpu6050.o
    0x08006bf0   0x08006bf0   0x00000120   Code   RO         1026    .text._ZN7Mpu605021Mpu6050_Read_Acc_DataEv  mpu6050.o
    0x08006d10   0x08006d10   0x00000098   Code   RO         1028    .text._ZN7Mpu605022Mpu6050_Read_Gyro_DataEv  mpu6050.o
    0x08006da8   0x08006da8   0x000000aa   Code   RO         1022    .text._ZN7Mpu6050C2EP12GPIO_TypeDefttS1_P11I2C_TypeDef  mpu6050.o
    0x08006e52   0x08006e52   0x00000002   PAD
    0x08006e54   0x08006e54   0x000000ce   Code   RO          879    .text._ZN7Softiic11iicSendByteEh  iic.o
    0x08006f22   0x08006f22   0x00000002   PAD
    0x08006f24   0x08006f24   0x0000003e   Code   RO          869    .text._ZN7Softiic12iicCheckBusyEv  iic.o
    0x08006f62   0x08006f62   0x00000002   PAD
    0x08006f64   0x08006f64   0x00000038   Code   RO          867    .text._ZN7Softiic12iicSoftDelayEv  iic.o
    0x08006f9c   0x08006f9c   0x000000b0   Code   RO          875    .text._ZN7Softiic22iicReceiveDataByte_AckEPh  iic.o
    0x0800704c   0x0800704c   0x000000b0   Code   RO          877    .text._ZN7Softiic24iicReceiveDataByte_NoAckEPh  iic.o
    0x080070fc   0x080070fc   0x00000010   Code   RO          901    .text._ZN7Softiic4sclHEv  iic.o
    0x0800710c   0x0800710c   0x00000010   Code   RO          907    .text._ZN7Softiic4sclLEv  iic.o
    0x0800711c   0x0800711c   0x00000010   Code   RO          899    .text._ZN7Softiic4sdaHEv  iic.o
    0x0800712c   0x0800712c   0x00000010   Code   RO          905    .text._ZN7Softiic4sdaLEv  iic.o
    0x0800713c   0x0800713c   0x00000054   Code   RO          865    .text._ZN7Softiic7iicInitEv  iic.o
    0x08007190   0x08007190   0x0000003c   Code   RO          873    .text._ZN7Softiic7iicStopEv  iic.o
    0x080071cc   0x080071cc   0x00000012   Code   RO          903    .text._ZN7Softiic7sdaReadEv  iic.o
    0x080071de   0x080071de   0x00000002   PAD
    0x080071e0   0x080071e0   0x0000002a   Code   RO          883    .text._ZN7Softiic8iicRAddrEh  iic.o
    0x0800720a   0x0800720a   0x00000002   PAD
    0x0800720c   0x0800720c   0x00000050   Code   RO          871    .text._ZN7Softiic8iicStartEv  iic.o
    0x0800725c   0x0800725c   0x00000022   Code   RO          881    .text._ZN7Softiic8iicWAddrEh  iic.o
    0x0800727e   0x0800727e   0x00000002   PAD
    0x08007280   0x08007280   0x00000114   Code   RO          863    .text._ZN7SoftiicC2EP12GPIO_TypeDefttP11I2C_TypeDefjS1_j  iic.o
    0x08007394   0x08007394   0x0000002a   Code   RO          257    .text._ZN8FlashVarC2Ev  flash_var.o
    0x080073be   0x080073be   0x00000002   PAD
    0x080073c0   0x080073c0   0x00000028   Code   RO          259    .text._ZN8FlashVarD2Ev  flash_var.o
    0x080073e8   0x080073e8   0x00000046   Code   RO          628    .text._ZN8tdtusart15timeSimulaneity10clearCatchEv  timematch.o
    0x0800742e   0x0800742e   0x00000002   PAD
    0x08007430   0x08007430   0x0000006c   Code   RO          624    .text._ZN8tdtusart15timeSimulaneity9timeFixedEf  timematch.o
    0x0800749c   0x0800749c   0x0000005a   Code   RO          626    .text._ZN8tdtusart15timeSimulaneity9writeDataEPcib  timematch.o
    0x080074f6   0x080074f6   0x00000002   PAD
    0x080074f8   0x080074f8   0x000000d6   Code   RO          616    .text._ZN8tdtusart15timeSimulaneityC2Eiii  timematch.o
    0x080075ce   0x080075ce   0x00000002   PAD
    0x080075d0   0x080075d0   0x00000028   Code   RO          638    .text._ZN8tdtusart15timeSimulaneityD2Ev  timematch.o
    0x080075f8   0x080075f8   0x00000140   Code   RO         1265    .text._ZN9Judgement11uart6ConfigEv  judgement.o
    0x08007738   0x08007738   0x00000014   Code   RO         1321    .text._ZN9Judgement12addFullCountEv  judgement.o
    0x0800774c   0x0800774c   0x00000274   Code   RO         1271    .text._ZN9Judgement12getJudgeDataEv  judgement.o
    0x080079c0   0x080079c0   0x00000050   Code   RO         1263    .text._ZN9Judgement4initEv  judgement.o
    0x08007a10   0x08007a10   0x00000194   Code   RO         1269    .text._ZN9Judgement9getLengthEPNS_11FrameHeaderE  judgement.o
    0x08007ba4   0x08007ba4   0x00000678   Code   RO         1261    .text._ZN9Judgement9ringQueueEv  judgement.o
    0x0800821c   0x0800821c   0x00000002   Code   RO         3115    .text._ZNK10__cxxabiv116__shim_type_info5noop1Ev  libcppabi_w.l(private_typeinfo.cpp.o)
    0x0800821e   0x0800821e   0x00000002   Code   RO         3117    .text._ZNK10__cxxabiv116__shim_type_info5noop2Ev  libcppabi_w.l(private_typeinfo.cpp.o)
    0x08008220   0x08008220   0x00000036   Code   RO         3189    .text._ZNK10__cxxabiv117__class_type_info16search_above_dstEPNS_19__dynamic_cast_infoEPKvS4_ib  libcppabi_w.l(private_typeinfo.cpp.o)
    0x08008256   0x08008256   0x000000a2   Code   RO         3183    .text._ZNK10__cxxabiv117__class_type_info16search_below_dstEPNS_19__dynamic_cast_infoEPKvib  libcppabi_w.l(private_typeinfo.cpp.o)
    0x080082f8   0x080082f8   0x00000044   Code   RO         3151    .text._ZNK10__cxxabiv117__class_type_info27has_unambiguous_public_baseEPNS_19__dynamic_cast_infoEPvi  libcppabi_w.l(private_typeinfo.cpp.o)
    0x0800833c   0x0800833c   0x00000062   Code   RO         3171    .text._ZNK10__cxxabiv117__class_type_info29process_static_type_above_dstEPNS_19__dynamic_cast_infoEPKvS4_i  libcppabi_w.l(private_typeinfo.cpp.o)
    0x0800839e   0x0800839e   0x0000006e   Code   RO         3147    .text._ZNK10__cxxabiv117__class_type_info9can_catchEPKNS_16__shim_type_infoERPv  libcppabi_w.l(private_typeinfo.cpp.o)
    0x0800840c   0x0800840c   0x00000056   Code   RO         3187    .text._ZNK10__cxxabiv120__si_class_type_info16search_above_dstEPNS_19__dynamic_cast_infoEPKvS4_ib  libcppabi_w.l(private_typeinfo.cpp.o)
    0x08008462   0x08008462   0x000000e2   Code   RO         3181    .text._ZNK10__cxxabiv120__si_class_type_info16search_below_dstEPNS_19__dynamic_cast_infoEPKvib  libcppabi_w.l(private_typeinfo.cpp.o)
    0x08008544   0x08008544   0x00000052   Code   RO         3153    .text._ZNK10__cxxabiv120__si_class_type_info27has_unambiguous_public_baseEPNS_19__dynamic_cast_infoEPvi  libcppabi_w.l(private_typeinfo.cpp.o)
    0x08008596   0x08008596   0x00000002   PAD
    0x08008598   0x08008598   0x00000136   Code   RO         3185    .text._ZNK10__cxxabiv121__vmi_class_type_info16search_above_dstEPNS_19__dynamic_cast_infoEPKvS4_ib  libcppabi_w.l(private_typeinfo.cpp.o)
    0x080086ce   0x080086ce   0x00000002   PAD
    0x080086d0   0x080086d0   0x0000026a   Code   RO         3175    .text._ZNK10__cxxabiv121__vmi_class_type_info16search_below_dstEPNS_19__dynamic_cast_infoEPKvib  libcppabi_w.l(private_typeinfo.cpp.o)
    0x0800893a   0x0800893a   0x00000002   PAD
    0x0800893c   0x0800893c   0x00000084   Code   RO         3157    .text._ZNK10__cxxabiv121__vmi_class_type_info27has_unambiguous_public_baseEPNS_19__dynamic_cast_infoEPvi  libcppabi_w.l(private_typeinfo.cpp.o)
    0x080089c0   0x080089c0   0x00000036   Code   RO         3155    .text._ZNK10__cxxabiv122__base_class_type_info27has_unambiguous_public_baseEPNS_19__dynamic_cast_infoEPvi  libcppabi_w.l(private_typeinfo.cpp.o)
    0x080089f6   0x080089f6   0x00000002   Code   RO         3645    .text._ZNSt9type_infoD2Ev  libcppabi_w.l(stdlib_typeinfo.cpp.o)
    0x080089f8   0x080089f8   0x0000000c   Code   RO         3640    .text._ZSt15get_new_handlerv  libcppabi_w.l(cxa_handlers.cpp.o)
    0x08008a04   0x08008a04   0x0000000e   Code   RO         1040    .text._ZThn28_N7Mpu605013gyroAccUpdateEv  mpu6050.o
    0x08008a12   0x08008a12   0x00000004   Code   RO         3062    .text._ZdlPv        libcpp_w.l(new.cpp.o)
    0x08008a16   0x08008a16   0x00000004   Code   RO         3058    .text._Znaj         libcpp_w.l(new.cpp.o)
    0x08008a1a   0x08008a1a   0x00000002   PAD
    0x08008a1c   0x08008a1c   0x00000026   Code   RO         3054    .text._Znwj         libcpp_w.l(new.cpp.o)
    0x08008a42   0x08008a42   0x00000002   PAD
    0x08008a44   0x08008a44   0x00000028   Code   RO         3105    .text.__cxa_pure_virtual  libcppabi_w.l(cxa_virtual.cpp.o)
    0x08008a6c   0x08008a6c   0x00000034   Code   RO          129    .text.__cxx_global_var_init  imu_task.o
    0x08008aa0   0x08008aa0   0x0000001e   Code   RO          147    .text.__cxx_global_var_init  led_task.o
    0x08008abe   0x08008abe   0x00000002   PAD
    0x08008ac0   0x08008ac0   0x0000002c   Code   RO          241    .text.__cxx_global_var_init  flash_var.o
    0x08008aec   0x08008aec   0x0000003a   Code   RO          286    .text.__cxx_global_var_init  ore_task.o
    0x08008b26   0x08008b26   0x00000002   PAD
    0x08008b28   0x08008b28   0x00000010   Code   RO          649    .text.__cxx_global_var_init  keyprocess.o
    0x08008b38   0x08008b38   0x00000034   Code   RO          800    .text.__cxx_global_var_init  vision.o
    0x08008b6c   0x08008b6c   0x0000003a   Code   RO          288    .text.__cxx_global_var_init.1  ore_task.o
    0x08008ba6   0x08008ba6   0x00000002   PAD
    0x08008ba8   0x08008ba8   0x0000001e   Code   RO          290    .text.__cxx_global_var_init.2  ore_task.o
    0x08008bc6   0x08008bc6   0x00000002   PAD
    0x08008bc8   0x08008bc8   0x0000001e   Code   RO          292    .text.__cxx_global_var_init.3  ore_task.o
    0x08008be6   0x08008be6   0x000000a8   Code   RO         3169    .text.__dynamic_cast  libcppabi_w.l(private_typeinfo.cpp.o)
    0x08008c8e   0x08008c8e   0x00000004   Code   RO         3622    .text.abort_message  libcppabi_w.l(abort_message.cpp.o)
    0x08008c92   0x08008c92   0x00000002   PAD
    0x08008c94   0x08008c94   0x00000046   Code   RO            2    .text.main          main.o
    0x08008cda   0x08008cda   0x00000002   PAD
    0x08008cdc   0x08008cdc   0x000000fc   Code   RO         2583    .text.prvAddCurrentTaskToDelayedList  tasks.o
    0x08008dd8   0x08008dd8   0x00000122   Code   RO         2571    .text.prvAddNewTaskToReadyList  tasks.o
    0x08008efa   0x08008efa   0x00000002   PAD
    0x08008efc   0x08008efc   0x0000008e   Code   RO         2724    .text.prvCheckForValidListAndQueue  timers.o
    0x08008f8a   0x08008f8a   0x00000002   PAD
    0x08008f8c   0x08008f8c   0x00000084   Code   RO         2689    .text.prvCheckTasksWaitingTermination  tasks.o
    0x08009010   0x08009010   0x0000004a   Code   RO         2515    .text.prvCopyDataFromQueue  queue.o
    0x0800905a   0x0800905a   0x00000002   PAD
    0x0800905c   0x0800905c   0x000000e0   Code   RO         2503    .text.prvCopyDataToQueue  queue.o
    0x0800913c   0x0800913c   0x00000018   Code   RO         2575    .text.prvDeleteTCB  tasks.o
    0x08009154   0x08009154   0x00000042   Code   RO         2752    .text.prvGetNextExpireTime  timers.o
    0x08009196   0x08009196   0x00000002   PAD
    0x08009198   0x08009198   0x000000be   Code   RO         2783    .text.prvHeapInit   heap_4.o
    0x08009256   0x08009256   0x00000002   PAD
    0x08009258   0x08009258   0x00000038   Code   RO         2609    .text.prvIdleTask   tasks.o
    0x08009290   0x08009290   0x00000052   Code   RO         2487    .text.prvInitialiseNewQueue  queue.o
    0x080092e2   0x080092e2   0x00000002   PAD
    0x080092e4   0x080092e4   0x0000011a   Code   RO         2569    .text.prvInitialiseNewTask  tasks.o
    0x080093fe   0x080093fe   0x00000002   PAD
    0x08009400   0x08009400   0x00000062   Code   RO         2730    .text.prvInitialiseNewTimer  timers.o
    0x08009462   0x08009462   0x00000002   PAD
    0x08009464   0x08009464   0x0000008e   Code   RO         2687    .text.prvInitialiseTaskLists  tasks.o
    0x080094f2   0x080094f2   0x00000002   PAD
    0x080094f4   0x080094f4   0x000000c6   Code   RO         2785    .text.prvInsertBlockIntoFreeList  heap_4.o
    0x080095ba   0x080095ba   0x00000002   PAD
    0x080095bc   0x080095bc   0x00000086   Code   RO         2764    .text.prvInsertTimerInActiveList  timers.o
    0x08009642   0x08009642   0x00000002   PAD
    0x08009644   0x08009644   0x0000002a   Code   RO         2517    .text.prvIsQueueEmpty  queue.o
    0x0800966e   0x0800966e   0x00000002   PAD
    0x08009670   0x08009670   0x0000002e   Code   RO         2507    .text.prvIsQueueFull  queue.o
    0x0800969e   0x0800969e   0x00000002   PAD
    0x080096a0   0x080096a0   0x000000b2   Code   RO         2505    .text.prvNotifyQueueSetContainer  queue.o
    0x08009752   0x08009752   0x00000002   PAD
    0x08009754   0x08009754   0x00000020   Code   RO         2820    .text.prvPortStartFirstTask  port.o
    0x08009774   0x08009774   0x00000080   Code   RO         2760    .text.prvProcessExpiredTimer  timers.o
    0x080097f4   0x080097f4   0x00000152   Code   RO         2756    .text.prvProcessReceivedCommands  timers.o
    0x08009946   0x08009946   0x00000002   PAD
    0x08009948   0x08009948   0x000000a8   Code   RO         2754    .text.prvProcessTimerOrBlockTask  timers.o
    0x080099f0   0x080099f0   0x00000048   Code   RO         2577    .text.prvResetNextTaskUnblockTime  tasks.o
    0x08009a38   0x08009a38   0x00000044   Code   RO         2758    .text.prvSampleTimeNow  timers.o
    0x08009a7c   0x08009a7c   0x000000ce   Code   RO         2762    .text.prvSwitchTimerLists  timers.o
    0x08009b4a   0x08009b4a   0x00000002   PAD
    0x08009b4c   0x08009b4c   0x00000038   Code   RO         2810    .text.prvTaskExitError  port.o
    0x08009b84   0x08009b84   0x0000001e   Code   RO         2726    .text.prvTimerTask  timers.o
    0x08009ba2   0x08009ba2   0x00000002   PAD
    0x08009ba4   0x08009ba4   0x000000da   Code   RO         2509    .text.prvUnlockQueue  queue.o
    0x08009c7e   0x08009c7e   0x00000002   PAD
    0x08009c80   0x08009c80   0x000001d4   Code   RO         2781    .text.pvPortMalloc  heap_4.o
    0x08009e54   0x08009e54   0x0000002e   Code   RO         2673    .text.pvTaskIncrementMutexHeldCount  tasks.o
    0x08009e82   0x08009e82   0x00000002   PAD
    0x08009e84   0x08009e84   0x0000005e   Code   RO         2808    .text.pxPortInitialiseStack  port.o
    0x08009ee2   0x08009ee2   0x00000002   PAD
    0x08009ee4   0x08009ee4   0x00000048   Code   RO         2474    .text.uxListRemove  list.o
    0x08009f2c   0x08009f2c   0x0000002e   Code   RO         2466    .text.vListInitialise  list.o
    0x08009f5a   0x08009f5a   0x00000002   PAD
    0x08009f5c   0x08009f5c   0x0000000e   Code   RO         2468    .text.vListInitialiseItem  list.o
    0x08009f6a   0x08009f6a   0x00000002   PAD
    0x08009f6c   0x08009f6c   0x0000006c   Code   RO         2472    .text.vListInsert   list.o
    0x08009fd8   0x08009fd8   0x0000003a   Code   RO         2470    .text.vListInsertEnd  list.o
    0x0800a012   0x0800a012   0x00000002   PAD
    0x0800a014   0x0800a014   0x00000014   Code   RO         2818    .text.vPortEnableVFP  port.o
    0x0800a028   0x0800a028   0x00000050   Code   RO         2824    .text.vPortEnterCritical  port.o
    0x0800a078   0x0800a078   0x00000046   Code   RO         2826    .text.vPortExitCritical  port.o
    0x0800a0be   0x0800a0be   0x00000002   PAD
    0x0800a0c0   0x0800a0c0   0x000000b6   Code   RO         2787    .text.vPortFree     heap_4.o
    0x0800a176   0x0800a176   0x00000002   PAD
    0x0800a178   0x0800a178   0x00000036   Code   RO         2816    .text.vPortSetupTimerInterrupt  port.o
    0x0800a1ae   0x0800a1ae   0x00000002   PAD
    0x0800a1b0   0x0800a1b0   0x00000074   Code   RO         2832    .text.vPortValidateInterruptPriority  port.o
    0x0800a224   0x0800a224   0x00000054   Code   RO         2543    .text.vQueueAddToRegistry  queue.o
    0x0800a278   0x0800a278   0x0000006a   Code   RO         2547    .text.vQueueWaitForMessageRestricted  queue.o
    0x0800a2e2   0x0800a2e2   0x00000002   PAD
    0x0800a2e4   0x0800a2e4   0x0000006c   Code   RO         2587    .text.vTaskDelay    tasks.o
    0x0800a350   0x0800a350   0x0000015c   Code   RO         2573    .text.vTaskDelete   tasks.o
    0x0800a4ac   0x0800a4ac   0x0000000e   Code   RO         2643    .text.vTaskMissedYield  tasks.o
    0x0800a4ba   0x0800a4ba   0x00000002   PAD
    0x0800a4bc   0x0800a4bc   0x0000003c   Code   RO         2629    .text.vTaskPlaceOnEventList  tasks.o
    0x0800a4f8   0x0800a4f8   0x0000004e   Code   RO         2633    .text.vTaskPlaceOnEventListRestricted  tasks.o
    0x0800a546   0x0800a546   0x00000002   PAD
    0x0800a548   0x0800a548   0x0000011a   Code   RO         2659    .text.vTaskPriorityInherit  tasks.o
    0x0800a662   0x0800a662   0x00000002   PAD
    0x0800a664   0x0800a664   0x0000003a   Code   RO         2639    .text.vTaskSetTimeOutState  tasks.o
    0x0800a69e   0x0800a69e   0x00000002   PAD
    0x0800a6a0   0x0800a6a0   0x000000ba   Code   RO         2607    .text.vTaskStartScheduler  tasks.o
    0x0800a75a   0x0800a75a   0x00000002   PAD
    0x0800a75c   0x0800a75c   0x00000010   Code   RO         2581    .text.vTaskSuspendAll  tasks.o
    0x0800a76c   0x0800a76c   0x00000120   Code   RO         2599    .text.vTaskSwitchContext  tasks.o
    0x0800a88c   0x0800a88c   0x0000000c   Code   RO         2789    .text.xPortGetFreeHeapSize  heap_4.o
    0x0800a898   0x0800a898   0x0000011c   Code   RO         2814    .text.xPortStartScheduler  port.o
    0x0800a9b4   0x0800a9b4   0x0000003e   Code   RO         2830    .text.xPortSysTickHandler  port.o
    0x0800a9f2   0x0800a9f2   0x00000002   PAD
    0x0800a9f4   0x0800a9f4   0x00000074   Code   RO         2485    .text.xQueueGenericCreate  queue.o
    0x0800aa68   0x0800aa68   0x0000026a   Code   RO         2499    .text.xQueueGenericReceive  queue.o
    0x0800acd2   0x0800acd2   0x00000002   PAD
    0x0800acd4   0x0800acd4   0x000000ba   Code   RO         2483    .text.xQueueGenericReset  queue.o
    0x0800ad8e   0x0800ad8e   0x00000002   PAD
    0x0800ad90   0x0800ad90   0x00000260   Code   RO         2495    .text.xQueueGenericSend  queue.o
    0x0800aff0   0x0800aff0   0x00000170   Code   RO         2511    .text.xQueueGenericSendFromISR  queue.o
    0x0800b160   0x0800b160   0x000000be   Code   RO         2641    .text.xTaskCheckForTimeOut  tasks.o
    0x0800b21e   0x0800b21e   0x00000002   PAD
    0x0800b220   0x0800b220   0x000000a8   Code   RO         2567    .text.xTaskCreate   tasks.o
    0x0800b2c8   0x0800b2c8   0x00000198   Code   RO         2681    .text.xTaskGenericNotifyFromISR  tasks.o
    0x0800b460   0x0800b460   0x0000003c   Code   RO         2657    .text.xTaskGetSchedulerState  tasks.o
    0x0800b49c   0x0800b49c   0x00000014   Code   RO         2615    .text.xTaskGetTickCount  tasks.o
    0x0800b4b0   0x0800b4b0   0x000001c0   Code   RO         2613    .text.xTaskIncrementTick  tasks.o
    0x0800b670   0x0800b670   0x00000116   Code   RO         2661    .text.xTaskPriorityDisinherit  tasks.o
    0x0800b786   0x0800b786   0x00000002   PAD
    0x0800b788   0x0800b788   0x000000c2   Code   RO         2635    .text.xTaskRemoveFromEventList  tasks.o
    0x0800b84a   0x0800b84a   0x00000002   PAD
    0x0800b84c   0x0800b84c   0x00000184   Code   RO         2585    .text.xTaskResumeAll  tasks.o
    0x0800b9d0   0x0800b9d0   0x0000004a   Code   RO         2728    .text.xTimerCreate  timers.o
    0x0800ba1a   0x0800ba1a   0x00000002   PAD
    0x0800ba1c   0x0800ba1c   0x00000066   Code   RO         2722    .text.xTimerCreateTimerTask  timers.o
    0x0800ba82   0x0800ba82   0x00000002   PAD
    0x0800ba84   0x0800ba84   0x000000ae   Code   RO         2732    .text.xTimerGenericCommand  timers.o
    0x0800bb32   0x0800bb32   0x00000002   PAD
    0x0800bb34   0x0800bb34   0x00000058   Code   RO         3580    i.__aligned_malloc$realloc  mc_w.l(mallocra.o)
    0x0800bb8c   0x0800bb8c   0x0000005c   Code   RO         3581    i.__free$realloc$memalign  mc_w.l(mallocra.o)
    0x0800bbe8   0x0800bbe8   0x00000006   Code   RO         3582    i.__malloc$realloc$memalign  mc_w.l(mallocra.o)
    0x0800bbee   0x0800bbee   0x0000000e   Code   RO         3870    i.__scatterload_copy  mc_w.l(handlers.o)
    0x0800bbfc   0x0800bbfc   0x00000002   Code   RO         3871    i.__scatterload_null  mc_w.l(handlers.o)
    0x0800bbfe   0x0800bbfe   0x0000000e   Code   RO         3872    i.__scatterload_zeroinit  mc_w.l(handlers.o)
    0x0800bc0c   0x0800bc0c   0x00000080   Code   RO         3584    i.internal_alloc    mc_w.l(mallocra.o)
    0x0800bc8c   0x0800bc8c   0x00000010   Data   RO         2000    .rodata.APBAHBPrescTable  stm32f4xx_rcc.o
    0x0800bc9c   0x0800bc9c   0x00000100   Data   RO          433    .rodata.CRC8_TAB    crc.o
    0x0800bd9c   0x0800bd9c   0x0000000d   Data   RO          216    .rodata._ZL4SSID    wifi_task.o
    0x0800bda9   0x0800bda9   0x00000003   PAD
    0x0800bdac   0x0800bdac   0x00000008   Data   RO          912    .rodata._ZTI3IIC    iic.o
    0x0800bdb4   0x0800bdb4   0x00000008   Data   RO          483    .rodata._ZTI7ImuCalc  imu.o
    0x0800bdbc   0x0800bdbc   0x00000020   Data   RO         1044    .rodata._ZTI7Mpu6050  mpu6050.o
    0x0800bddc   0x0800bddc   0x0000000c   Data   RO          890    .rodata._ZTI7Softiic  iic.o
    0x0800bde8   0x0800bde8   0x0000000c   Data   RO         3192    .rodata._ZTIN10__cxxabiv116__shim_type_infoE  libcppabi_w.l(private_typeinfo.cpp.o)
    0x0800bdf4   0x0800bdf4   0x0000000c   Data   RO         3194    .rodata._ZTIN10__cxxabiv117__class_type_infoE  libcppabi_w.l(private_typeinfo.cpp.o)
    0x0800be00   0x0800be00   0x0000000c   Data   RO         3369    .rodata._ZTIN10__cxxabiv120__si_class_type_infoE  libcppabi_w.l(private_typeinfo.cpp.o)
    0x0800be0c   0x0800be0c   0x0000000c   Data   RO         3372    .rodata._ZTIN10__cxxabiv121__vmi_class_type_infoE  libcppabi_w.l(private_typeinfo.cpp.o)
    0x0800be18   0x0800be18   0x00000008   Data   RO         3669    .rodata._ZTISt9type_info  libcppabi_w.l(stdlib_typeinfo.cpp.o)
    0x0800be20   0x0800be20   0x00000005   Data   RO          911    .rodata._ZTS3IIC    iic.o
    0x0800be25   0x0800be25   0x00000009   Data   RO          482    .rodata._ZTS7ImuCalc  imu.o
    0x0800be2e   0x0800be2e   0x00000009   Data   RO         1043    .rodata._ZTS7Mpu6050  mpu6050.o
    0x0800be37   0x0800be37   0x00000009   Data   RO          889    .rodata._ZTS7Softiic  iic.o
    0x0800be40   0x0800be40   0x00000021   Data   RO         3191    .rodata._ZTSN10__cxxabiv116__shim_type_infoE  libcppabi_w.l(private_typeinfo.cpp.o)
    0x0800be61   0x0800be61   0x00000022   Data   RO         3193    .rodata._ZTSN10__cxxabiv117__class_type_infoE  libcppabi_w.l(private_typeinfo.cpp.o)
    0x0800be83   0x0800be83   0x00000025   Data   RO         3368    .rodata._ZTSN10__cxxabiv120__si_class_type_infoE  libcppabi_w.l(private_typeinfo.cpp.o)
    0x0800bea8   0x0800bea8   0x00000026   Data   RO         3371    .rodata._ZTSN10__cxxabiv121__vmi_class_type_infoE  libcppabi_w.l(private_typeinfo.cpp.o)
    0x0800bece   0x0800bece   0x0000000d   Data   RO         3668    .rodata._ZTSSt9type_info  libcppabi_w.l(stdlib_typeinfo.cpp.o)
    0x0800bedb   0x0800bedb   0x00000001   PAD
    0x0800bedc   0x0800bedc   0x0000002c   Data   RO          913    .rodata._ZTV3IIC    iic.o
    0x0800bf08   0x0800bf08   0x0000000c   Data   RO          478    .rodata._ZTV7ImuCalc  imu.o
    0x0800bf14   0x0800bf14   0x0000003c   Data   RO         1042    .rodata._ZTV7Mpu6050  mpu6050.o
    0x0800bf50   0x0800bf50   0x0000002c   Data   RO          886    .rodata._ZTV7Softiic  iic.o
    0x0800bf7c   0x0800bf7c   0x00000028   Data   RO         3366    .rodata._ZTVN10__cxxabiv117__class_type_infoE  libcppabi_w.l(private_typeinfo.cpp.o)
    0x0800bfa4   0x0800bfa4   0x00000028   Data   RO         3367    .rodata._ZTVN10__cxxabiv120__si_class_type_infoE  libcppabi_w.l(private_typeinfo.cpp.o)
    0x0800bfcc   0x0800bfcc   0x00000028   Data   RO         3370    .rodata._ZTVN10__cxxabiv121__vmi_class_type_infoE  libcppabi_w.l(private_typeinfo.cpp.o)
    0x0800bff4   0x0800bff4   0x00000006   Data   RO            5    .rodata.str1.1      main.o
    0x0800bffa   0x0800bffa   0x00000014   Data   RO           80    .rodata.str1.1      start_task.o
    0x0800c00e   0x0800c00e   0x0000004a   Data   RO          215    .rodata.str1.1      wifi_task.o
    0x0800c058   0x0800c058   0x00000011   Data   RO         1013    .rodata.str1.1      motor.o
    0x0800c069   0x0800c069   0x00000005   Data   RO         2705    .rodata.str1.1      tasks.o
    0x0800c06e   0x0800c06e   0x0000000d   Data   RO         2767    .rodata.str1.1      timers.o
    0x0800c07b   0x0800c07b   0x00000001   PAD
    0x0800c07c   0x0800c07c   0x00000200   Data   RO          435    .rodata.wCRC_Table  crc.o
    0x0800c27c   0x0800c27c   0x00000020   Data   RO         3869    Region$$Table       anon$$obj.o
    0x0800c29c   0x0800c29c   0x00000004   Data   RO          136    .init_array         imu_task.o
    0x0800c2a0   0x0800c29c   0x00000004   Data   RO          156    .init_array         led_task.o
    0x0800c2a4   0x0800c29c   0x00000004   Data   RO          248    .init_array         flash_var.o
    0x0800c2a8   0x0800c29c   0x00000004   Data   RO          319    .init_array         ore_task.o
    0x0800c2ac   0x0800c29c   0x00000004   Data   RO          671    .init_array         keyprocess.o
    0x0800c2b0   0x0800c29c   0x00000004   Data   RO          817    .init_array         vision.o
    0x0800c2b4   0x0800c29c   0x00000000   Data   RO         3591    .init_array         mc_w.l(cpp_init.o)


    Execution Region RW_IRAM1 (Exec base: 0x20000000, Load base: 0x0800c2b8, Size: 0x00012658, Max: 0x00020000, ABSOLUTE)

    Exec Addr    Load Addr    Size         Type   Attr      Idx    E Section Name        Object

    0x20000000   0x0800c2b8   0x00000004   Data   RW         3776    .data               mc_w.l(mvars.o)
    0x20000004   0x0800c2bc   0x00000004   Data   RW         3777    .data               mc_w.l(mvars.o)
    0x20000008   0x0800c2c0   0x00000004   Data   RW         3857    .data               mc_w.l(cpp_dtor.o)
    0x2000000c   0x0800c2c4   0x00000002   Data   RW          434    .data.CRC_INIT      crc.o
    0x2000000e   0x0800c2c6   0x00000001   Data   RW          207    .data.ESP8266_Link_Status  wifi_task.o
    0x2000000f   0x0800c2c7   0x00000001   Data   RW          210    .data.ESP8266_Send_Status  wifi_task.o
    0x20000010   0x0800c2c8   0x00000004   Data   RW         2415    .data.SystemCoreClock  system_stm32f4xx.o
    0x20000014   0x0800c2cc   0x00000001   Data   RW         1304    .data._ZL10CRC8_Check  judgement.o
    0x20000015   0x0800c2cd   0x00000001   PAD
    0x20000016   0x0800c2ce   0x00000002   Data   RW         1305    .data._ZL11CRC16_Check  judgement.o
    0x20000018   0x0800c2d0   0x00000002   Data   RW          950    .data._ZZN3Led9stateShowEhE1T  led.o
    0x2000001a   0x0800c2d2   0x00000001   Data   RW         1311    .data._ZZN9Judgement12getJudgeDataEvE9firstLoad  judgement.o
    0x2000001b   0x0800c2d3   0x0000000a   Data   RW           79    .data.creatResult   start_task.o
    0x20000025   0x0800c2dd   0x00000005   Data   RW          304    .data.flagCmd       ore_task.o
    0x2000002a   0x0800c2e2   0x0000000a   Data   RW         1007    .data.motorCurrentLimitList  motor.o
    0x20000034   0x0800c2ec   0x0000000a   Data   RW         1009    .data.motorMaxTempList  motor.o
    0x2000003e   0x0800c2f6   0x0000000a   Data   RW         1008    .data.motorSpeedLimitList  motor.o
    0x20000048   0x0800c300   0x00000004   Data   RW         2836    .data.uxCriticalNesting  port.o
    0x2000004c   0x0800c304   0x00000004   PAD
    0x20000050        -       0x00000078   Zero   RW          479    .bss..Lconstinit    imu.o
    0x200000c8        -       0x00000004   Zero   RW          765    .bss.Can1           can.o
    0x200000cc        -       0x00000014   Zero   RW          763    .bss.Can1RxMsg      can.o
    0x200000e0        -       0x00000004   Zero   RW          766    .bss.Can2           can.o
    0x200000e4        -       0x00000014   Zero   RW          764    .bss.Can2RxMsg      can.o
    0x200000f8        -       0x000002a0   Zero   RW          307    .bss.Climbing       ore_task.o
    0x20000398        -       0x00000150   Zero   RW          310    .bss.Clip           ore_task.o
    0x200004e8        -       0x0000003c   Zero   RW          212    .bss.DMA_InitStructure_Rx  wifi_task.o
    0x20000524        -       0x00000004   Zero   RW           73    .bss.DbusTask_Handler  start_task.o
    0x20000528        -       0x00000049   Zero   RW          205    .bss.ESP8266_ChangeStruct  wifi_task.o
    0x20000571   0x0800c304   0x00000003   PAD
    0x20000574        -       0x00000008   Zero   RW          335    .bss.ExCmd          moneytaking_task.o
    0x2000057c   0x0800c304   0x00000004   PAD
    0x20000580        -       0x00000008   Zero   RW          792    .bss.FreeRTOSRunTimeTicks  timer.o
    0x20000588        -       0x00000038   Zero   RW          245    .bss.IFlash         flash_var.o
    0x200005c0        -       0x00000001   Zero   RW           28    .bss.Init_OK        board.o
    0x200005c1   0x0800c304   0x00000003   PAD
    0x200005c4        -       0x00000004   Zero   RW          154    .bss.LED_Queue      led_task.o
    0x200005c8        -       0x00000004   Zero   RW           71    .bss.LedTask_Handler  start_task.o
    0x200005cc        -       0x00000004   Zero   RW           78    .bss.MoneyTakingTask_Handler  start_task.o
    0x200005d0        -       0x00003088   Zero   RW          135    .bss.Mpu6050_Top    imu_task.o
    0x20003658        -       0x00000004   Zero   RW           77    .bss.OreTask_Handler  start_task.o
    0x2000365c        -       0x00000074   Zero   RW          923    .bss.RC             dbus.o
    0x200036d0        -       0x00000038   Zero   RW          336    .bss.ResetCmd       moneytaking_task.o
    0x20003708        -       0x00000048   Zero   RW          925    .bss.SBUS_rx_buf    dbus.o
    0x20003750        -       0x00000004   Zero   RW            4    .bss.StartTask_Handler  main.o
    0x20003754        -       0x00000001   Zero   RW           61    .bss.SysTick_Handler.upTimeCnt  stm32f4xx_it.o
    0x20003755   0x0800c304   0x00000003   PAD
    0x20003758        -       0x00000150   Zero   RW          309    .bss.TurnTable      ore_task.o
    0x200038a8        -       0x000002a0   Zero   RW          308    .bss.Turning        ore_task.o
    0x20003b48        -       0x00000002   Zero   RW         1308    .bss._ZL10CRC16_char  judgement.o
    0x20003b4a        -       0x00000001   Zero   RW         1303    .bss._ZL11start_state  judgement.o
    0x20003b4b        -       0x00000001   Zero   RW         1012    .bss._ZL14timerInit_Flag  motor.o
    0x20003b4c        -       0x00000004   Zero   RW         1014    .bss._ZL17sendCanMsg_Handle  motor.o
    0x20003b50        -       0x00000002   Zero   RW         1307    .bss._ZL3len        judgement.o
    0x20003b52        -       0x00000001   Zero   RW         1302    .bss._ZL4byte       judgement.o
    0x20003b53   0x0800c304   0x00000001   PAD
    0x20003b54        -       0x00000004   Zero   RW         1306    .bss._ZL5index      judgement.o
    0x20003b58        -       0x00000008   Zero   RW         1299    .bss._ZL6rx_len     judgement.o
    0x20003b60        -       0x00000004   Zero   RW         1301    .bss._ZL8read_arr   judgement.o
    0x20003b64   0x0800c304   0x00000004   PAD
    0x20003b68        -       0x00000008   Zero   RW         1300    .bss._ZL8read_len   judgement.o
    0x20003b70        -       0x0000000c   Zero   RW          669    .bss._ZN10KeyProcess8keyCycleE  keyprocess.o
    0x20003b7c        -       0x00000010   Zero   RW         1010    .bss._ZN5Motor13DJI_MotorFlagE  motor.o
    0x20003b8c        -       0x00000040   Zero   RW         1011    .bss._ZN5Motor7canBuffE  motor.o
    0x20003bcc        -       0x00000002   Zero   RW          927    .bss._ZZ17USART2_IRQHandlerE16this_time_rx_len  dbus.o
    0x20003bce        -       0x00000001   Zero   RW          947    .bss._ZZN3Led9stateShowEhE10flash_flag  led.o
    0x20003bcf   0x0800c304   0x00000001   PAD
    0x20003bd0        -       0x00000002   Zero   RW          948    .bss._ZZN3Led9stateShowEhE10state_last  led.o
    0x20003bd2        -       0x00000002   Zero   RW          949    .bss._ZZN3Led9stateShowEhE11state_value  led.o
    0x20003bd4        -       0x00000002   Zero   RW          946    .bss._ZZN3Led9stateShowEhE9flash_cnt  led.o
    0x20003bd6   0x0800c304   0x00000002   PAD
    0x20003bd8        -       0x0000003c   Zero   RW         1310    .bss._ZZN9Judgement12getJudgeDataEvE17DMA_InitStructure  judgement.o
    0x20003c14        -       0x00000004   Zero   RW         1309    .bss._ZZN9Judgement12getJudgeDataEvE18NVIC_InitStructure  judgement.o
    0x20003c18        -       0x00000004   Zero   RW         3642    .bss.__cxa_new_handler  libcppabi_w.l(cxa_handlers.cpp.o)
    0x20003c1c        -       0x0000000a   Zero   RW          767    .bss.bar_code       can.o
    0x20003c26   0x0800c304   0x00000002   PAD
    0x20003c28        -       0x0000000c   Zero   RW          153    .bss.boardLed       led_task.o
    0x20003c34        -       0x00000001   Zero   RW          208    .bss.busy_Flag      wifi_task.o
    0x20003c35        -       0x00000001   Zero   RW          119    .bss.deforceFlag    dbus_task.o
    0x20003c36        -       0x00000050   Zero   RW          206    .bss.esp8266_Recv_Buffer  wifi_task.o
    0x20003c86        -       0x00000001   Zero   RW          209    .bss.fail_CNT       wifi_task.o
    0x20003c87   0x0800c304   0x00000001   PAD
    0x20003c88        -       0x00000004   Zero   RW          155    .bss.freeHeap       led_task.o
    0x20003c8c        -       0x00000024   Zero   RW          813    .bss.imuTimeMatch   vision.o
    0x20003cb0        -       0x00000088   Zero   RW          311    .bss.in_climb       ore_task.o
    0x20003d38        -       0x00000088   Zero   RW          317    .bss.in_clip        ore_task.o
    0x20003dc0        -       0x00000088   Zero   RW          315    .bss.in_table       ore_task.o
    0x20003e48        -       0x00000088   Zero   RW          313    .bss.in_turn        ore_task.o
    0x20003ed0        -       0x00000341   Zero   RW         1297    .bss.judgement      judgement.o
    0x20004211   0x0800c304   0x00000003   PAD
    0x20004214        -       0x000000c0   Zero   RW         1006    .bss.motorList      motor.o
    0x200042d4        -       0x00000088   Zero   RW          312    .bss.out_climb      ore_task.o
    0x2000435c        -       0x00000088   Zero   RW          318    .bss.out_clip       ore_task.o
    0x200043e4        -       0x00000088   Zero   RW          316    .bss.out_table      ore_task.o
    0x2000446c        -       0x00000088   Zero   RW          314    .bss.out_turn       ore_task.o
    0x200044f4        -       0x00000004   Zero   RW         2771    .bss.prvSampleTimeNow.xLastTime  timers.o
    0x200044f8        -       0x00000004   Zero   RW         2691    .bss.pxCurrentTCB   tasks.o
    0x200044fc        -       0x00000004   Zero   RW         2769    .bss.pxCurrentTimerList  timers.o
    0x20004500        -       0x00000004   Zero   RW         2701    .bss.pxDelayedTaskList  tasks.o
    0x20004504        -       0x00000004   Zero   RW         2795    .bss.pxEnd          heap_4.o
    0x20004508        -       0x00000004   Zero   RW         2702    .bss.pxOverflowDelayedTaskList  tasks.o
    0x2000450c        -       0x00000004   Zero   RW         2770    .bss.pxOverflowTimerList  timers.o
    0x20004510        -       0x00000280   Zero   RW         2692    .bss.pxReadyTasksLists  tasks.o
    0x20004790        -       0x0000001e   Zero   RW          928    .bss.sbus_decode_buffer  dbus.o
    0x200047ae   0x0800c304   0x00000002   PAD
    0x200047b0        -       0x00000004   Zero   RW           29    .bss.sysTickUptime  board.o
    0x200047b4        -       0x00000004   Zero   RW           30    .bss.sysTickUptimeUs  board.o
    0x200047b8        -       0x0000002a   Zero   RW          816    .bss.tmp_RecvBuff   vision.o
    0x200047e2        -       0x0000c800   Zero   RW         2800    .bss.ucHeap         heap_4.o
    0x20010fe2        -       0x00000001   Zero   RW         2834    .bss.ucMaxSysCallPriority  port.o
    0x20010fe3   0x0800c304   0x00000001   PAD
    0x20010fe4        -       0x00000004   Zero   RW         2835    .bss.ulMaxPRIGROUPValue  port.o
    0x20010fe8        -       0x00000004   Zero   RW         2712    .bss.ulTaskSwitchedInTime  tasks.o
    0x20010fec        -       0x00000004   Zero   RW         2711    .bss.ulTotalRunTime  tasks.o
    0x20010ff0        -       0x00000001   Zero   RW          926    .bss.useOriginHandle  dbus.o
    0x20010ff1   0x0800c304   0x00000003   PAD
    0x20010ff4        -       0x00000004   Zero   RW         2697    .bss.uxCurrentNumberOfTasks  tasks.o
    0x20010ff8        -       0x00000004   Zero   RW         2696    .bss.uxDeletedTasksWaitingCleanUp  tasks.o
    0x20010ffc        -       0x00000004   Zero   RW         2709    .bss.uxPendedTicks  tasks.o
    0x20011000        -       0x00000004   Zero   RW         2699    .bss.uxSchedulerSuspended  tasks.o
    0x20011004        -       0x00000004   Zero   RW         2694    .bss.uxTaskNumber   tasks.o
    0x20011008        -       0x00000004   Zero   RW         2693    .bss.uxTopReadyPriority  tasks.o
    0x2001100c        -       0x00000008   Zero   RW          812    .bss.visionInfo     vision.o
    0x20011014        -       0x0000002a   Zero   RW          810    .bss.vision_RecvStruct  vision.o
    0x2001103e   0x0800c304   0x00000002   PAD
    0x20011040        -       0x0000003c   Zero   RW          814    .bss.vision_Rx_DMA_InitStructure  vision.o
    0x2001107c        -       0x0000009e   Zero   RW          811    .bss.vision_SendStruct  vision.o
    0x2001111a   0x0800c304   0x00000002   PAD
    0x2001111c        -       0x0000003c   Zero   RW          815    .bss.vision_Tx_DMA_InitStructure  vision.o
    0x20011158        -       0x00000014   Zero   RW         2772    .bss.xActiveTimerList1  timers.o
    0x2001116c        -       0x00000014   Zero   RW         2773    .bss.xActiveTimerList2  timers.o
    0x20011180        -       0x00000004   Zero   RW         2796    .bss.xBlockAllocatedBit  heap_4.o
    0x20011184        -       0x00000014   Zero   RW         2713    .bss.xDelayedTaskList1  tasks.o
    0x20011198        -       0x00000014   Zero   RW         2714    .bss.xDelayedTaskList2  tasks.o
    0x200111ac        -       0x00000004   Zero   RW         2797    .bss.xFreeBytesRemaining  heap_4.o
    0x200111b0        -       0x00000004   Zero   RW         2706    .bss.xIdleTaskHandle  tasks.o
    0x200111b4        -       0x00000004   Zero   RW         2799    .bss.xMinimumEverFreeBytesRemaining  heap_4.o
    0x200111b8        -       0x00000004   Zero   RW         2707    .bss.xNextTaskUnblockTime  tasks.o
    0x200111bc        -       0x00000004   Zero   RW         2710    .bss.xNumOfOverflows  tasks.o
    0x200111c0        -       0x00000014   Zero   RW         2704    .bss.xPendingReadyList  tasks.o
    0x200111d4        -       0x00000040   Zero   RW         2559    .bss.xQueueRegistry  queue.o
    0x20011214        -       0x00000004   Zero   RW         2698    .bss.xSchedulerRunning  tasks.o
    0x20011218        -       0x00000008   Zero   RW         2798    .bss.xStart         heap_4.o
    0x20011220        -       0x00000014   Zero   RW         2703    .bss.xSuspendedTaskList  tasks.o
    0x20011234        -       0x00000014   Zero   RW         2695    .bss.xTasksWaitingTermination  tasks.o
    0x20011248        -       0x00000004   Zero   RW         2700    .bss.xTickCount     tasks.o
    0x2001124c        -       0x00000004   Zero   RW         2766    .bss.xTimerQueue    timers.o
    0x20011250        -       0x00000004   Zero   RW         2768    .bss.xTimerTaskHandle  timers.o
    0x20011254        -       0x00000004   Zero   RW         2708    .bss.xYieldPending  tasks.o
    0x20011258        -       0x00001000   Zero   RW         2424    HEAP                startup_stm32f40_41xxx.o
    0x20012258        -       0x00000400   Zero   RW         2423    STACK               startup_stm32f40_41xxx.o


==============================================================================

Image component sizes


      Code (inc. data)   RO Data    RW Data    ZI Data      Debug   Object Name

       504          0          0          0          9      22921   board.o
      1052          0          0          0         58      25263   can.o
      1234          4          0          0          0      20823   can_calculate.o
       324          0        768          2          0       3136   crc.o
       100          4          0          0          0      17943   cycle.o
      1074          0          0          0        221      24822   dbus.o
         0          0          0          0          1      24834   dbus_task.o
       358          0          4          0         56      25366   flash_var.o
      1050          0          0          0      51224       3153   heap_4.o
      1806          8        122          0          0      29480   iic.o
       432          4         29          0        120      30722   imu.o
        88          0          4          0      12424      22967   imu_task.o
        64          0          0          0          0      17866   iwdg.o
      3210         10          0          4        927      34604   judgement.o
        24          0          4          0         12     101754   keyprocess.o
       546          0          0          2          7      19913   led.o
       266          0          4          0         20      18921   led_task.o
       298          0          0          0          0       2113   list.o
        70          0          6          0          4      17982   main.o
       290          0          0          0          0       2940   misc.o
      1226         20          0          0         64      21200   moneytaking_task.o
      2740         24         17         30        277      30442   motor.o
       664          8        101          0          0      20256   mpu6050.o
        94          0          0          0          0       4849   my_math.o
      1774          0          4          5       3104      27392   ore_task.o
      2808         18          0          0          0      26890   pid.o
      1004         16          0          4          5       3296   port.o
      2950          0          0          0         64      13370   queue.o
       244          0         20         10         16      18560   start_task.o
        36          8        392          0       5120        892   startup_stm32f40_41xxx.o
      2358          0          0          0          0       9679   stm32f4xx_can.o
      1422          0          0          0          0       5727   stm32f4xx_dma.o
       372          0          0          0          0       4520   stm32f4xx_gpio.o
       104          0          0          0          1       1272   stm32f4xx_it.o
       110          0          0          0          0       1607   stm32f4xx_iwdg.o
       668          0         16          0          0      10716   stm32f4xx_rcc.o
       498          0          0          0          0      19913   stm32f4xx_tim.o
      1218          0          0          0          0       7260   stm32f4xx_usart.o
       426          0          0          4          0       3271   system_stm32f4xx.o
      4888          6          5          0        808      21966   tasks.o
       522          4          0          0          0      26473   timematch.o
       202          0          0          0          8      20577   timer.o
      1728         10         13          0         60       7835   timers.o
       992          0          4          0        406      29204   vision.o
      1374         10         87          2        215      26910   wifi_task.o

    ----------------------------------------------------------------------
     43462        154       1636         64      75272     831600   Object Totals
         0          0         32          0          0          0   (incl. Generated)
       250          0          4          1         41          0   (incl. Padding)

    ----------------------------------------------------------------------

      Code (inc. data)   RO Data    RW Data    ZI Data      Debug   Library Member Name

        46          0          0          0          0        380   new.cpp.o
         4          0          0          0          0         36   abort_message.cpp.o
        12          0          0          0          4        148   cxa_handlers.cpp.o
        40         32          0          0          0         52   cxa_virtual.cpp.o
      2218          0        310          0          0       1048   private_typeinfo.cpp.o
         2          0         21          0          0        196   stdlib_typeinfo.cpp.o
        46          0          0          0          0         84   aeabi_atexit.o
         8          4          0          4          0         68   cpp_dtor.o
         2          0          0          0          0         68   cpp_final.o
        32          8          0          0          0         80   cpp_init.o
        10          0          0          0          0         68   cxa_atexit.o
        66          0          0          0          0         84   cxa_finalize.o
         0          0          0          0          0          0   entry.o
         0          0          0          0          0          0   entry10a.o
         4          0          0          0          0          0   entry10b.o
         0          0          0          0          0          0   entry11a.o
         8          4          0          0          0          0   entry2.o
         4          0          0          0          0          0   entry5.o
         0          0          0          0          0          0   entry7b.o
         4          0          0          0          0          0   entry8a.o
         0          0          0          0          0          0   entry8b.o
         8          4          0          0          0          0   entry9a.o
        30          0          0          0          0          0   handlers.o
        36          8          0          0          0         68   init.o
         0          0          0          0          0          0   iusefp.o
        98          0          0          0          0         84   ldiv.o
        30          0          0          0          0         68   llshl.o
        36          0          0          0          0         68   llsshr.o
        32          0          0          0          0         68   llushr.o
       314         24          0          0          0        324   mallocra.o
        36          0          0          0          0         68   memcpya.o
        36          0          0          0          0        108   memseta.o
         0          0          0          8          0          0   mvars.o
        28          0          0          0          0         76   strcmp.o
        36          0          0          0          0         80   strstr.o
        98          0          0          0          0         92   uldiv.o
        56          0          0          0          0         88   d2f.o
       334          0          0          0          0        148   dadd.o
       186          0          0          0          0        176   depilogue.o
        34          0          0          0          0         76   dflti.o
        40          0          0          0          0         80   dfltl.o
        26          0          0          0          0         76   dfltui.o
        24          0          0          0          0         76   dfltul.o
       228          0          0          0          0         96   dmul.o
        38          0          0          0          0         68   f2d.o
       110          0          0          0          0        168   fepilogue.o

    ----------------------------------------------------------------------
      4414         84        332         12          4       4468   Library Totals
        14          0          1          0          0          0   (incl. Padding)

    ----------------------------------------------------------------------

      Code (inc. data)   RO Data    RW Data    ZI Data      Debug   Library Name

        46          0          0          0          0        380   libcpp_w.l
      2276         32        331          0          4       1480   libcppabi_w.l
      1002         52          0         12          0       1556   mc_w.l
      1076          0          0          0          0       1052   mf_w.l

    ----------------------------------------------------------------------
      4414         84        332         12          4       4468   Library Totals

    ----------------------------------------------------------------------

==============================================================================


      Code (inc. data)   RO Data    RW Data    ZI Data      Debug   

     47876        238       1968         76      75276     834200   Grand Totals
     47876        238       1968         76      75276     834200   ELF Image Totals
     47876        238       1968         76          0          0   ROM Totals

==============================================================================

    Total RO  Size (Code + RO Data)                49844 (  48.68kB)
    Total RW  Size (RW Data + ZI Data)             75352 (  73.59kB)
    Total ROM Size (Code + RO Data + RW Data)      49920 (  48.75kB)

==============================================================================

